 lua51

 Timestamp is 4c97bf4c (Mon Sep 20 13:08:44 2010)

 Preferred load address is 10000000

 Start         Length     Name                   Class
 0001:00000000 0001b526H .text                   CODE
 0001:0001b528 000000b5H .text$yc                CODE
 0002:00000000 00000274H .idata$5                DATA
 0002:00000274 00000004H .CRT$XCA                DATA
 0002:00000278 00000004H .CRT$XCZ                DATA
 0002:0000027c 00000004H .CRT$XIA                DATA
 0002:00000280 00000004H .CRT$XIAA               DATA
 0002:00000284 00000004H .CRT$XIZ                DATA
 0002:00000288 00000004H .CRTMA$XCA              DATA
 0002:0000028c 0000001cH .CRTMA$XCC              DATA
 0002:000002a8 00000004H .CRTMA$XCZ              DATA
 0002:000002ac 00000004H .CRTMP$XCA              DATA
 0002:000002b0 00000004H .CRTMP$XCZ              DATA
 0002:000002b4 00000004H .CRTVT$XCA              DATA
 0002:000002b8 00000004H .CRTVT$XCZ              DATA
 0002:000002c0 000273a0H .rdata                  DATA
 0002:00027660 0000007eH .rdata$debug            DATA
 0002:000276e0 00001870H .rdata$ilfixup          DATA
 0002:00028f50 00000048H .rdata$r                DATA
 0002:00028fa0 00000004H .rdata$sxdata           DATA
 0002:00028fa4 00000004H .rtc$IAA                DATA
 0002:00028fa8 00000004H .rtc$IZZ                DATA
 0002:00028fac 00000004H .rtc$TAA                DATA
 0002:00028fb0 00000004H .rtc$TZZ                DATA
 0002:00028fb8 000000f8H .xdata$x                DATA
 0002:000290b0 00000050H .idata$2                DATA
 0002:00029100 00000014H .idata$3                DATA
 0002:00029114 00000274H .idata$4                DATA
 0002:00029388 000009c2H .idata$6                DATA
 0002:00029d4a 00000000H .edata                  DATA
 0003:00000000 00000cb0H .data                   DATA
 0003:00000cb0 00001afcH .bss                    DATA
 0004:00000000 00000058H .rsrc$01                DATA
 0004:00000060 00000298H .rsrc$02                DATA

  Address         Publics by Value              Rva+Base       Lib:Object

 0000:00000000       __except_list              00000000     <absolute>
 0000:00000001       ___safe_se_handler_count   00000001     <absolute>
 0000:00000001       ?IsDefaultDomain@CurrentDomain@<CrtImplementationDetails>@@$$Q2_NA 00000001     <absolute>
 0000:00000004       ?_lock@AtExitLock@<CrtImplementationDetails>@@$$Q0PAXA 00000004     <absolute>
 0000:00000004       ?InitializedNative@CurrentDomain@<CrtImplementationDetails>@@$$Q2W4State@Progress@2@A 00000004     <absolute>
 0000:00000004       ?__onexitbegin_app_domain@@$$Q3PAP6MXXZA 00000004     <absolute>
 0000:00000004       ?_ref_count@AtExitLock@<CrtImplementationDetails>@@$$Q0HA 00000004     <absolute>
 0000:00000004       ?Uninitialized@CurrentDomain@<CrtImplementationDetails>@@$$Q2HA 00000004     <absolute>
 0000:00000004       ?InitializedPerAppDomain@CurrentDomain@<CrtImplementationDetails>@@$$Q2W4State@Progress@2@A 00000004     <absolute>
 0000:00000004       ?InitializedPerProcess@CurrentDomain@<CrtImplementationDetails>@@$$Q2W4State@Progress@2@A 00000004     <absolute>
 0000:00000004       ?Initialized@CurrentDomain@<CrtImplementationDetails>@@$$Q2HA 00000004     <absolute>
 0000:00000004       ?InitializedVtables@CurrentDomain@<CrtImplementationDetails>@@$$Q2W4State@Progress@2@A 00000004     <absolute>
 0000:00000004       ?__exit_list_size_app_domain@@$$Q3IA 00000004     <absolute>
 0000:00000004       ?__onexitend_app_domain@@$$Q3PAP6MXXZA 00000004     <absolute>
 0000:00009876       __ldused                   00009876     <absolute>
 0000:00009876       __fltused                  00009876     <absolute>
 0000:00000000       ___ImageBase               10000000     <linker-defined>
 0001:00000000       ?lua_gc@LuaDLL@Lua511@@$$FSMHVIntPtr@System@@W4LuaGCOptions@2@H@Z 10001000 f i LuaDLL.obj
 0001:00000020       ?lua_typename@LuaDLL@Lua511@@$$FSMP$AAVString@System@@VIntPtr@4@W4LuaTypes@2@@Z 10001020 f i LuaDLL.obj
 0001:00000044       ?luaL_typename@LuaDLL@Lua511@@$$FSMP$AAVString@System@@VIntPtr@4@H@Z 10001044 f i LuaDLL.obj
 0001:00000060       ?luaL_error@LuaDLL@Lua511@@$$FSMXVIntPtr@System@@P$AAVString@4@@Z 10001060 f i LuaDLL.obj
 0001:00000098       ?luaL_where@LuaDLL@Lua511@@$$FSMXVIntPtr@System@@H@Z 10001098 f i LuaDLL.obj
 0001:000000b4       ?luaL_newstate@LuaDLL@Lua511@@$$FSM?AVIntPtr@System@@XZ 100010b4 f i LuaDLL.obj
 0001:000000d0       ?lua_close@LuaDLL@Lua511@@$$FSMXVIntPtr@System@@@Z 100010d0 f i LuaDLL.obj
 0001:000000ec       ?luaL_openlibs@LuaDLL@Lua511@@$$FSMXVIntPtr@System@@@Z 100010ec f i LuaDLL.obj
 0001:00000108       ?luaL_loadstring@LuaDLL@Lua511@@$$FSMHVIntPtr@System@@P$AAVString@4@@Z 10001108 f i LuaDLL.obj
 0001:00000144       ?luaL_dostring@LuaDLL@Lua511@@$$FSMHVIntPtr@System@@P$AAVString@4@@Z 10001144 f i LuaDLL.obj
 0001:0000016c       ?lua_dostring@LuaDLL@Lua511@@$$FSMHVIntPtr@System@@P$AAVString@4@@Z 1000116c f i LuaDLL.obj
 0001:00000184       ?lua_createtable@LuaDLL@Lua511@@$$FSMXVIntPtr@System@@HH@Z 10001184 f i LuaDLL.obj
 0001:000001a0       ?lua_newtable@LuaDLL@Lua511@@$$FSMXVIntPtr@System@@@Z 100011a0 f i LuaDLL.obj
 0001:000001b8       ?luaL_dofile@LuaDLL@Lua511@@$$FSMHVIntPtr@System@@P$AAVString@4@@Z 100011b8 f i LuaDLL.obj
 0001:0000020c       ?lua_getglobal@LuaDLL@Lua511@@$$FSMXVIntPtr@System@@P$AAVString@4@@Z 1000120c f i LuaDLL.obj
 0001:00000234       ?lua_setglobal@LuaDLL@Lua511@@$$FSMXVIntPtr@System@@P$AAVString@4@@Z 10001234 f i LuaDLL.obj
 0001:0000025c       ?lua_settop@LuaDLL@Lua511@@$$FSMXVIntPtr@System@@H@Z 1000125c f i LuaDLL.obj
 0001:00000278       ?lua_pop@LuaDLL@Lua511@@$$FSMXVIntPtr@System@@H@Z 10001278 f i LuaDLL.obj
 0001:00000290       ?lua_insert@LuaDLL@Lua511@@$$FSMXVIntPtr@System@@H@Z 10001290 f i LuaDLL.obj
 0001:000002ac       ?lua_remove@LuaDLL@Lua511@@$$FSMXVIntPtr@System@@H@Z 100012ac f i LuaDLL.obj
 0001:000002c8       ?lua_gettable@LuaDLL@Lua511@@$$FSMXVIntPtr@System@@H@Z 100012c8 f i LuaDLL.obj
 0001:000002e4       ?lua_rawget@LuaDLL@Lua511@@$$FSMXVIntPtr@System@@H@Z 100012e4 f i LuaDLL.obj
 0001:00000300       ?lua_settable@LuaDLL@Lua511@@$$FSMXVIntPtr@System@@H@Z 10001300 f i LuaDLL.obj
 0001:0000031c       ?lua_rawset@LuaDLL@Lua511@@$$FSMXVIntPtr@System@@H@Z 1000131c f i LuaDLL.obj
 0001:00000338       ?lua_setmetatable@LuaDLL@Lua511@@$$FSMXVIntPtr@System@@H@Z 10001338 f i LuaDLL.obj
 0001:00000354       ?lua_getmetatable@LuaDLL@Lua511@@$$FSMHVIntPtr@System@@H@Z 10001354 f i LuaDLL.obj
 0001:00000370       ?lua_equal@LuaDLL@Lua511@@$$FSMHVIntPtr@System@@HH@Z 10001370 f i LuaDLL.obj
 0001:00000390       ?lua_pushvalue@LuaDLL@Lua511@@$$FSMXVIntPtr@System@@H@Z 10001390 f i LuaDLL.obj
 0001:000003ac       ?lua_replace@LuaDLL@Lua511@@$$FSMXVIntPtr@System@@H@Z 100013ac f i LuaDLL.obj
 0001:000003c8       ?lua_gettop@LuaDLL@Lua511@@$$FSMHVIntPtr@System@@@Z 100013c8 f i LuaDLL.obj
 0001:000003e4       ?lua_type@LuaDLL@Lua511@@$$FSM?AW4LuaTypes@2@VIntPtr@System@@H@Z 100013e4 f i LuaDLL.obj
 0001:00000404       ?lua_isnil@LuaDLL@Lua511@@$$FSM_NVIntPtr@System@@H@Z 10001404 f i LuaDLL.obj
 0001:00000420       ?lua_isnumber@LuaDLL@Lua511@@$$FSM_NVIntPtr@System@@H@Z 10001420 f i LuaDLL.obj
 0001:00000440       ?lua_isboolean@LuaDLL@Lua511@@$$FSM_NVIntPtr@System@@H@Z 10001440 f i LuaDLL.obj
 0001:00000460       ?luaL_ref@LuaDLL@Lua511@@$$FSMHVIntPtr@System@@H@Z 10001460 f i LuaDLL.obj
 0001:0000047c       ?lua_ref@LuaDLL@Lua511@@$$FSMHVIntPtr@System@@H@Z 1000147c f i LuaDLL.obj
 0001:000004a0       ?lua_rawgeti@LuaDLL@Lua511@@$$FSMXVIntPtr@System@@HH@Z 100014a0 f i LuaDLL.obj
 0001:000004bc       ?lua_rawseti@LuaDLL@Lua511@@$$FSMXVIntPtr@System@@HH@Z 100014bc f i LuaDLL.obj
 0001:000004d8       ?lua_newuserdata@LuaDLL@Lua511@@$$FSM?AVIntPtr@System@@V34@H@Z 100014d8 f i LuaDLL.obj
 0001:000004fc       ?lua_touserdata@LuaDLL@Lua511@@$$FSM?AVIntPtr@System@@V34@H@Z 100014fc f i LuaDLL.obj
 0001:00000520       ?lua_getref@LuaDLL@Lua511@@$$FSMXVIntPtr@System@@H@Z 10001520 f i LuaDLL.obj
 0001:0000053c       ?lua_unref@LuaDLL@Lua511@@$$FSMXVIntPtr@System@@H@Z 1000153c f i LuaDLL.obj
 0001:0000055c       ?lua_isstring@LuaDLL@Lua511@@$$FSM_NVIntPtr@System@@H@Z 1000155c f i LuaDLL.obj
 0001:00000580       ?lua_iscfunction@LuaDLL@Lua511@@$$FSM_NVIntPtr@System@@H@Z 10001580 f i LuaDLL.obj
 0001:000005a4       ?lua_pushnil@LuaDLL@Lua511@@$$FSMXVIntPtr@System@@@Z 100015a4 f i LuaDLL.obj
 0001:000005c0       ?lua_call@LuaDLL@Lua511@@$$FSMXVIntPtr@System@@HH@Z 100015c0 f i LuaDLL.obj
 0001:000005dc       ?lua_pcall@LuaDLL@Lua511@@$$FSMHVIntPtr@System@@HHH@Z 100015dc f i LuaDLL.obj
 0001:000005fc       ?lua_tocfunction@LuaDLL@Lua511@@$$FSM?AVIntPtr@System@@V34@H@Z 100015fc f i LuaDLL.obj
 0001:00000620       ?lua_tonumber@LuaDLL@Lua511@@$$FSMNVIntPtr@System@@H@Z 10001620 f i LuaDLL.obj
 0001:0000063c       ?lua_toboolean@LuaDLL@Lua511@@$$FSM_NVIntPtr@System@@H@Z 1000163c f i LuaDLL.obj
 0001:00000664       ?lua_tostring@LuaDLL@Lua511@@$$FSMP$AAVString@System@@VIntPtr@4@H@Z 10001664 f i LuaDLL.obj
 0001:000006cc       ?lua_atpanic@LuaDLL@Lua511@@$$FSMXVIntPtr@System@@P$AAVLuaCSFunction@2@@Z 100016cc f i LuaDLL.obj
 0001:000006f4       ?lua_pushstdcallcfunction@LuaDLL@Lua511@@$$FSMXVIntPtr@System@@P$AAVLuaCSFunction@2@@Z 100016f4 f i LuaDLL.obj
 0001:0000071c       ?lua_pushnumber@LuaDLL@Lua511@@$$FSMXVIntPtr@System@@N@Z 1000171c f i LuaDLL.obj
 0001:00000738       ?lua_pushboolean@LuaDLL@Lua511@@$$FSMXVIntPtr@System@@_N@Z 10001738 f i LuaDLL.obj
 0001:00000754       ?lua_pushstring@LuaDLL@Lua511@@$$FSMXVIntPtr@System@@P$AAVString@4@@Z 10001754 f i LuaDLL.obj
 0001:0000078c       ?luaL_newmetatable@LuaDLL@Lua511@@$$FSMHVIntPtr@System@@P$AAVString@4@@Z 1000178c f i LuaDLL.obj
 0001:000007c8       ?lua_getfield@LuaDLL@Lua511@@$$FSMXVIntPtr@System@@HP$AAVString@4@@Z 100017c8 f i LuaDLL.obj
 0001:00000800       ?luaL_getmetatable@LuaDLL@Lua511@@$$FSMXVIntPtr@System@@P$AAVString@4@@Z 10001800 f i LuaDLL.obj
 0001:0000081c       ?luaL_checkudata@LuaDLL@Lua511@@$$FSM?AVIntPtr@System@@V34@HP$AAVString@4@@Z 1000181c f i LuaDLL.obj
 0001:00000864       ?luaL_getmetafield@LuaDLL@Lua511@@$$FSM_NVIntPtr@System@@HP$AAVString@4@@Z 10001864 f i LuaDLL.obj
 0001:000008a8       ?luaL_loadbuffer@LuaDLL@Lua511@@$$FSMHVIntPtr@System@@P$AAVString@4@1@Z 100018a8 f i LuaDLL.obj
 0001:0000090c       ?luaL_loadfile@LuaDLL@Lua511@@$$FSMHVIntPtr@System@@P$AAVString@4@@Z 1000190c f i LuaDLL.obj
 0001:00000948       ?lua_error@LuaDLL@Lua511@@$$FSMXVIntPtr@System@@@Z 10001948 f i LuaDLL.obj
 0001:00000964       ?lua_checkstack@LuaDLL@Lua511@@$$FSM_NVIntPtr@System@@H@Z 10001964 f i LuaDLL.obj
 0001:00000988       ?lua_next@LuaDLL@Lua511@@$$FSMHVIntPtr@System@@H@Z 10001988 f i LuaDLL.obj
 0001:000009a4       ?lua_pushlightuserdata@LuaDLL@Lua511@@$$FSMXVIntPtr@System@@0@Z 100019a4 f i LuaDLL.obj
 0001:000009c4       ?luanet_rawnetobj@LuaDLL@Lua511@@$$FSMHVIntPtr@System@@H@Z 100019c4 f i LuaDLL.obj
 0001:000009ec       ?lua_sethook@LuaDLL@Lua511@@$$FSMHVIntPtr@System@@P$AAVLuaHookFunction@2@HH@Z 100019ec f i LuaDLL.obj
 0001:00000a30       ?lua_gethookmask@LuaDLL@Lua511@@$$FSMHVIntPtr@System@@@Z 10001a30 f i LuaDLL.obj
 0001:00000a4c       ?lua_gethookcount@LuaDLL@Lua511@@$$FSMHVIntPtr@System@@@Z 10001a4c f i LuaDLL.obj
 0001:00000a68       ?lua_getstack@LuaDLL@Lua511@@$$FSMHVIntPtr@System@@H0@Z 10001a68 f i LuaDLL.obj
 0001:00000a8c       ?lua_getinfo@LuaDLL@Lua511@@$$FSMHVIntPtr@System@@P$AAVString@4@0@Z 10001a8c f i LuaDLL.obj
 0001:00000ad0       ?lua_getlocal@LuaDLL@Lua511@@$$FSMP$AAVString@System@@VIntPtr@4@0H@Z 10001ad0 f i LuaDLL.obj
 0001:00000b04       ?lua_setlocal@LuaDLL@Lua511@@$$FSMP$AAVString@System@@VIntPtr@4@0H@Z 10001b04 f i LuaDLL.obj
 0001:00000b38       ?lua_getupvalue@LuaDLL@Lua511@@$$FSMP$AAVString@System@@VIntPtr@4@HH@Z 10001b38 f i LuaDLL.obj
 0001:00000b64       ?lua_setupvalue@LuaDLL@Lua511@@$$FSMP$AAVString@System@@VIntPtr@4@HH@Z 10001b64 f i LuaDLL.obj
 0001:00000b90       ?checkudata_raw@LuaDLL@Lua511@@$$FCMPAXPAUlua_State@@HPBD@Z 10001b90 f i LuaDLL.obj
 0001:00000bdc       ?luanet_checkudata@LuaDLL@Lua511@@$$FSMHVIntPtr@System@@HP$AAVString@4@@Z 10001bdc f i LuaDLL.obj
 0001:00000c24       ?luaL_checkmetatable@LuaDLL@Lua511@@$$FSM_NVIntPtr@System@@H@Z 10001c24 f i LuaDLL.obj
 0001:00000c7c       ?luanet_gettag@LuaDLL@Lua511@@$$FSM?AVIntPtr@System@@XZ 10001c7c f i LuaDLL.obj
 0001:00000c98       ?luanet_newudata@LuaDLL@Lua511@@$$FSMXVIntPtr@System@@H@Z 10001c98 f i LuaDLL.obj
 0001:00000cb8       ?luanet_tonetobject@LuaDLL@Lua511@@$$FSMHVIntPtr@System@@H@Z 10001cb8 f i LuaDLL.obj
 0001:00000d44       ??0LuaDLL@Lua511@@$$FQ$AAM@XZ 10001d44 f i LuaDLL.obj
 0001:00000d58       ?strchr@@$$FYAPADPADH@Z    10001d58 f i luaglue.obj
 0001:00000d70       __t2m@?strchr@@YAPADPADH@Z 10001d70 f i luaglue.obj
 0001:00000d78       ?strrchr@@$$FYAPADPADH@Z   10001d78 f i luaglue.obj
 0001:00000d90       __t2m@?strrchr@@YAPADPADH@Z 10001d90 f i luaglue.obj
 0001:00000da0       ?index2adr@?A0xc8d640f7@@YGPAUlua_TValue@@PAUlua_State@@H@Z 10001da0 f   luaglue.obj
 0001:00000db0       ?getcurrenv@?A0xc8d640f7@@YGPAUTable@@PAUlua_State@@@Z 10001db0 f   luaglue.obj
 0001:00000dc0       ?luaA_pushobject@@YGXPAUlua_State@@PBUlua_TValue@@@Z 10001dc0 f   luaglue.obj
 0001:00000dd0       ?lua_checkstack@@YGHPAUlua_State@@H@Z 10001dd0 f   luaglue.obj
 0001:00000de0       ?lua_xmove@@YGXPAUlua_State@@0H@Z 10001de0 f   luaglue.obj
 0001:00000df0       ?lua_atpanic@@YGP6GHPAUlua_State@@@Z0P6GH0@Z@Z 10001df0 f   luaglue.obj
 0001:00000e00       ?lua_newthread@@YGPAUlua_State@@PAU1@@Z 10001e00 f   luaglue.obj
 0001:00000e10       ?lua_gettop@@YGHPAUlua_State@@@Z 10001e10 f   luaglue.obj
 0001:00000e20       ?lua_settop@@YGXPAUlua_State@@H@Z 10001e20 f   luaglue.obj
 0001:00000e30       ?lua_remove@@YGXPAUlua_State@@H@Z 10001e30 f   luaglue.obj
 0001:00000e40       ?lua_insert@@YGXPAUlua_State@@H@Z 10001e40 f   luaglue.obj
 0001:00000e50       ?lua_replace@@YGXPAUlua_State@@H@Z 10001e50 f   luaglue.obj
 0001:00000e60       ?lua_pushvalue@@YGXPAUlua_State@@H@Z 10001e60 f   luaglue.obj
 0001:00000e70       ?lua_type@@YGHPAUlua_State@@H@Z 10001e70 f   luaglue.obj
 0001:00000e80       ?lua_typename@@YGPBDPAUlua_State@@H@Z 10001e80 f   luaglue.obj
 0001:00000e90       ?lua_iscfunction@@YGHPAUlua_State@@H@Z 10001e90 f   luaglue.obj
 0001:00000ea0       ?lua_isnumber@@YGHPAUlua_State@@H@Z 10001ea0 f   luaglue.obj
 0001:00000eb0       ?lua_isstring@@YGHPAUlua_State@@H@Z 10001eb0 f   luaglue.obj
 0001:00000ec0       ?lua_isuserdata@@YGHPAUlua_State@@H@Z 10001ec0 f   luaglue.obj
 0001:00000ed0       ?lua_rawequal@@YGHPAUlua_State@@HH@Z 10001ed0 f   luaglue.obj
 0001:00000ee0       ?lua_equal@@YGHPAUlua_State@@HH@Z 10001ee0 f   luaglue.obj
 0001:00000ef0       ?lua_lessthan@@YGHPAUlua_State@@HH@Z 10001ef0 f   luaglue.obj
 0001:00000f00       ?lua_tonumber@@YGNPAUlua_State@@H@Z 10001f00 f   luaglue.obj
 0001:00000f10       ?lua_toboolean@@YGHPAUlua_State@@H@Z 10001f10 f   luaglue.obj
 0001:00000f20       ?lua_tolstring@@YGPBDPAUlua_State@@HPAI@Z 10001f20 f   luaglue.obj
 0001:00000f30       ?lua_objlen@@YGIPAUlua_State@@H@Z 10001f30 f   luaglue.obj
 0001:00000f40       ?lua_tocfunction@@YGP6GHPAUlua_State@@@Z0H@Z 10001f40 f   luaglue.obj
 0001:00000f50       ?lua_touserdata@@YGPAXPAUlua_State@@H@Z 10001f50 f   luaglue.obj
 0001:00000f60       ?lua_tothread@@YGPAUlua_State@@PAU1@H@Z 10001f60 f   luaglue.obj
 0001:00000f70       ?lua_topointer@@YGPBXPAUlua_State@@H@Z 10001f70 f   luaglue.obj
 0001:00000f80       ?lua_pushnil@@YGXPAUlua_State@@@Z 10001f80 f   luaglue.obj
 0001:00000f90       ?lua_pushnumber@@YGXPAUlua_State@@N@Z 10001f90 f   luaglue.obj
 0001:00000fa0       ?lua_pushinteger@@YGXPAUlua_State@@H@Z 10001fa0 f   luaglue.obj
 0001:00000fb0       ?lua_pushlstring@@YGXPAUlua_State@@PBDI@Z 10001fb0 f   luaglue.obj
 0001:00000fc0       ?lua_pushstring@@YGXPAUlua_State@@PBD@Z 10001fc0 f   luaglue.obj
 0001:00000fd0       ?lua_pushvfstring@@YGPBDPAUlua_State@@PBDPAD@Z 10001fd0 f   luaglue.obj
 0001:00000fe0       ?lua_pushcclosure@@YGXPAUlua_State@@P6GH0@ZH@Z 10001fe0 f   luaglue.obj
 0001:00000ff0       ?lua_pushboolean@@YGXPAUlua_State@@H@Z 10001ff0 f   luaglue.obj
 0001:00001000       ?lua_pushlightuserdata@@YGXPAUlua_State@@PAX@Z 10002000 f   luaglue.obj
 0001:00001010       ?lua_pushthread@@YGHPAUlua_State@@@Z 10002010 f   luaglue.obj
 0001:00001020       ?lua_gettable@@YGXPAUlua_State@@H@Z 10002020 f   luaglue.obj
 0001:00001030       ?lua_getfield@@YGXPAUlua_State@@HPBD@Z 10002030 f   luaglue.obj
 0001:00001040       ?lua_rawget@@YGXPAUlua_State@@H@Z 10002040 f   luaglue.obj
 0001:00001050       ?lua_rawgeti@@YGXPAUlua_State@@HH@Z 10002050 f   luaglue.obj
 0001:00001060       ?lua_createtable@@YGXPAUlua_State@@HH@Z 10002060 f   luaglue.obj
 0001:00001070       ?lua_getmetatable@@YGHPAUlua_State@@H@Z 10002070 f   luaglue.obj
 0001:00001080       ?lua_getfenv@@YGXPAUlua_State@@H@Z 10002080 f   luaglue.obj
 0001:00001090       ?lua_settable@@YGXPAUlua_State@@H@Z 10002090 f   luaglue.obj
 0001:000010a0       ?lua_setfield@@YGXPAUlua_State@@HPBD@Z 100020a0 f   luaglue.obj
 0001:000010b0       ?lua_rawset@@YGXPAUlua_State@@H@Z 100020b0 f   luaglue.obj
 0001:000010c0       ?lua_rawseti@@YGXPAUlua_State@@HH@Z 100020c0 f   luaglue.obj
 0001:000010d0       ?lua_setmetatable@@YGHPAUlua_State@@H@Z 100020d0 f   luaglue.obj
 0001:000010e0       ?lua_setfenv@@YGHPAUlua_State@@H@Z 100020e0 f   luaglue.obj
 0001:000010f0       ?lua_call@@YGXPAUlua_State@@HH@Z 100020f0 f   luaglue.obj
 0001:00001100       ?f_call@?A0xc8d640f7@@YGXPAUlua_State@@PAX@Z 10002100 f   luaglue.obj
 0001:00001110       ?lua_pcall@@YGHPAUlua_State@@HHH@Z 10002110 f   luaglue.obj
 0001:00001120       ?f_Ccall@?A0xc8d640f7@@YGXPAUlua_State@@PAX@Z 10002120 f   luaglue.obj
 0001:00001130       ?lua_cpcall@@YGHPAUlua_State@@P6GH0@ZPAX@Z 10002130 f   luaglue.obj
 0001:00001140       ?lua_load@@YGHPAUlua_State@@P6GPBD0PAXPAI@Z1PBD@Z 10002140 f   luaglue.obj
 0001:00001150       ?lua_dump@@YGHPAUlua_State@@P6GH0PBXIPAX@Z2@Z 10002150 f   luaglue.obj
 0001:00001160       ?lua_status@@YGHPAUlua_State@@@Z 10002160 f   luaglue.obj
 0001:00001170       ?lua_gc@@YGHPAUlua_State@@HH@Z 10002170 f   luaglue.obj
 0001:00001180       ?lua_error@@YGHPAUlua_State@@@Z 10002180 f   luaglue.obj
 0001:00001190       ?lua_next@@YGHPAUlua_State@@H@Z 10002190 f   luaglue.obj
 0001:000011a0       ?lua_concat@@YGXPAUlua_State@@H@Z 100021a0 f   luaglue.obj
 0001:000011b0       ?lua_getallocf@@YGP6GPAXPAX0II@ZPAUlua_State@@PAPAX@Z 100021b0 f   luaglue.obj
 0001:000011c0       ?lua_setallocf@@YGXPAUlua_State@@P6GPAXPAX1II@Z1@Z 100021c0 f   luaglue.obj
 0001:000011d0       ?lua_newuserdata@@YGPAXPAUlua_State@@I@Z 100021d0 f   luaglue.obj
 0001:000011e0       ?aux_upvalue@?A0xc8d640f7@@YGPBDPAUlua_TValue@@HPAPAU2@@Z 100021e0 f   luaglue.obj
 0001:000011f0       ?lua_getupvalue@@YGPBDPAUlua_State@@HH@Z 100021f0 f   luaglue.obj
 0001:00001200       ?lua_setupvalue@@YGPBDPAUlua_State@@HH@Z 10002200 f   luaglue.obj
 0001:00001210       ?luaL_argerror@@YGHPAUlua_State@@HPBD@Z 10002210 f   luaglue.obj
 0001:00001220       ?luaL_typerror@@YGHPAUlua_State@@HPBD@Z 10002220 f   luaglue.obj
 0001:00001230       ?tag_error@?A0xc8d640f7@@YGXPAUlua_State@@HH@Z 10002230 f   luaglue.obj
 0001:00001240       ?luaL_where@@YGXPAUlua_State@@H@Z 10002240 f   luaglue.obj
 0001:00001250       ?luaL_checkoption@@YGHPAUlua_State@@HPBDQBQBD@Z 10002250 f   luaglue.obj
 0001:00001260       ?luaL_newmetatable@@YGHPAUlua_State@@PBD@Z 10002260 f   luaglue.obj
 0001:00001270       ?luaL_checkudata@@YGPAXPAUlua_State@@HPBD@Z 10002270 f   luaglue.obj
 0001:00001280       ?luaL_checkstack@@YGXPAUlua_State@@HPBD@Z 10002280 f   luaglue.obj
 0001:00001290       ?luaL_checktype@@YGXPAUlua_State@@HH@Z 10002290 f   luaglue.obj
 0001:000012a0       ?luaL_checkany@@YGXPAUlua_State@@H@Z 100022a0 f   luaglue.obj
 0001:000012b0       ?luaL_checklstring@@YGPBDPAUlua_State@@HPAI@Z 100022b0 f   luaglue.obj
 0001:000012c0       ?luaL_optlstring@@YGPBDPAUlua_State@@HPBDPAI@Z 100022c0 f   luaglue.obj
 0001:000012d0       ?luaL_checknumber@@YGNPAUlua_State@@H@Z 100022d0 f   luaglue.obj
 0001:000012e0       ?luaL_optnumber@@YGNPAUlua_State@@HN@Z 100022e0 f   luaglue.obj
 0001:000012f0       ?luaL_checkinteger@@YGHPAUlua_State@@H@Z 100022f0 f   luaglue.obj
 0001:00001300       ?luaL_optinteger@@YGHPAUlua_State@@HH@Z 10002300 f   luaglue.obj
 0001:00001310       ?luaL_getmetafield@@YGHPAUlua_State@@HPBD@Z 10002310 f   luaglue.obj
 0001:00001320       ?luaL_callmeta@@YGHPAUlua_State@@HPBD@Z 10002320 f   luaglue.obj
 0001:00001330       ?luaL_register@@YGXPAUlua_State@@PBDPBUluaL_Reg@@@Z 10002330 f   luaglue.obj
 0001:00001340       ?libsize@?A0xc8d640f7@@YGHPBUluaL_Reg@@@Z 10002340 f   luaglue.obj
 0001:00001350       ?luaL_openlib@@YGXPAUlua_State@@PBDPBUluaL_Reg@@H@Z 10002350 f   luaglue.obj
 0001:00001360       ?luaL_gsub@@YGPBDPAUlua_State@@PBD11@Z 10002360 f   luaglue.obj
 0001:00001370       ?luaL_findtable@@YGPBDPAUlua_State@@HPBDH@Z 10002370 f   luaglue.obj
 0001:00001380       ?emptybuffer@?A0xc8d640f7@@YGHPAUluaL_Buffer@@@Z 10002380 f   luaglue.obj
 0001:00001390       ?adjuststack@?A0xc8d640f7@@YGXPAUluaL_Buffer@@@Z 10002390 f   luaglue.obj
 0001:000013a0       ?luaL_prepbuffer@@YGPADPAUluaL_Buffer@@@Z 100023a0 f   luaglue.obj
 0001:000013b0       ?luaL_addlstring@@YGXPAUluaL_Buffer@@PBDI@Z 100023b0 f   luaglue.obj
 0001:000013c0       ?luaL_addstring@@YGXPAUluaL_Buffer@@PBD@Z 100023c0 f   luaglue.obj
 0001:000013d0       ?luaL_pushresult@@YGXPAUluaL_Buffer@@@Z 100023d0 f   luaglue.obj
 0001:000013e0       ?luaL_addvalue@@YGXPAUluaL_Buffer@@@Z 100023e0 f   luaglue.obj
 0001:000013f0       ?luaL_buffinit@@YGXPAUlua_State@@PAUluaL_Buffer@@@Z 100023f0 f   luaglue.obj
 0001:00001400       ?luaL_ref@@YGHPAUlua_State@@H@Z 10002400 f   luaglue.obj
 0001:00001410       ?luaL_unref@@YGXPAUlua_State@@HH@Z 10002410 f   luaglue.obj
 0001:00001420       ?getF@?A0xc8d640f7@@YGPBDPAUlua_State@@PAXPAI@Z 10002420 f   luaglue.obj
 0001:00001430       ?errfile@?A0xc8d640f7@@YGHPAUlua_State@@PBDH@Z 10002430 f   luaglue.obj
 0001:00001440       ?luaL_loadfile@@YGHPAUlua_State@@PBD@Z 10002440 f   luaglue.obj
 0001:00001450       ?getS@?A0xc8d640f7@@YGPBDPAUlua_State@@PAXPAI@Z 10002450 f   luaglue.obj
 0001:00001460       ?luaL_loadbuffer@@YGHPAUlua_State@@PBDI1@Z 10002460 f   luaglue.obj
 0001:00001470       ?luaL_loadstring@@YGHPAUlua_State@@PBD@Z 10002470 f   luaglue.obj
 0001:00001480       ?l_alloc@?A0xc8d640f7@@YGPAXPAX0II@Z 10002480 f   luaglue.obj
 0001:00001490       ?panic@?A0xc8d640f7@@YGHPAUlua_State@@@Z 10002490 f   luaglue.obj
 0001:000014a0       ?luaL_newstate@@YGPAUlua_State@@XZ 100024a0 f   luaglue.obj
 0001:000014b0       ?luaB_print@?A0xc8d640f7@@YGHPAUlua_State@@@Z 100024b0 f   luaglue.obj
 0001:000014c0       ?luaB_tonumber@?A0xc8d640f7@@YGHPAUlua_State@@@Z 100024c0 f   luaglue.obj
 0001:000014d0       ?luaB_error@?A0xc8d640f7@@YGHPAUlua_State@@@Z 100024d0 f   luaglue.obj
 0001:000014e0       ?luaB_getmetatable@?A0xc8d640f7@@YGHPAUlua_State@@@Z 100024e0 f   luaglue.obj
 0001:000014f0       ?luaB_setmetatable@?A0xc8d640f7@@YGHPAUlua_State@@@Z 100024f0 f   luaglue.obj
 0001:00001500       ?getfunc@?A0xc8d640f7@@YGXPAUlua_State@@H@Z 10002500 f   luaglue.obj
 0001:00001510       ?luaB_getfenv@?A0xc8d640f7@@YGHPAUlua_State@@@Z 10002510 f   luaglue.obj
 0001:00001520       ?luaB_setfenv@?A0xc8d640f7@@YGHPAUlua_State@@@Z 10002520 f   luaglue.obj
 0001:00001530       ?luaB_rawequal@?A0xc8d640f7@@YGHPAUlua_State@@@Z 10002530 f   luaglue.obj
 0001:00001540       ?luaB_rawget@?A0xc8d640f7@@YGHPAUlua_State@@@Z 10002540 f   luaglue.obj
 0001:00001550       ?luaB_rawset@?A0xc8d640f7@@YGHPAUlua_State@@@Z 10002550 f   luaglue.obj
 0001:00001560       ?luaB_gcinfo@?A0xc8d640f7@@YGHPAUlua_State@@@Z 10002560 f   luaglue.obj
 0001:00001570       ?luaB_collectgarbage@?A0xc8d640f7@@YGHPAUlua_State@@@Z 10002570 f   luaglue.obj
 0001:00001580       ?luaB_type@?A0xc8d640f7@@YGHPAUlua_State@@@Z 10002580 f   luaglue.obj
 0001:00001590       ?luaB_next@?A0xc8d640f7@@YGHPAUlua_State@@@Z 10002590 f   luaglue.obj
 0001:000015a0       ?luaB_pairs@?A0xc8d640f7@@YGHPAUlua_State@@@Z 100025a0 f   luaglue.obj
 0001:000015b0       ?ipairsaux@?A0xc8d640f7@@YGHPAUlua_State@@@Z 100025b0 f   luaglue.obj
 0001:000015c0       ?luaB_ipairs@?A0xc8d640f7@@YGHPAUlua_State@@@Z 100025c0 f   luaglue.obj
 0001:000015d0       ?load_aux@?A0xc8d640f7@@YGHPAUlua_State@@H@Z 100025d0 f   luaglue.obj
 0001:000015e0       ?luaB_loadstring@?A0xc8d640f7@@YGHPAUlua_State@@@Z 100025e0 f   luaglue.obj
 0001:000015f0       ?luaB_loadfile@?A0xc8d640f7@@YGHPAUlua_State@@@Z 100025f0 f   luaglue.obj
 0001:00001600       ?generic_reader@?A0xc8d640f7@@YGPBDPAUlua_State@@PAXPAI@Z 10002600 f   luaglue.obj
 0001:00001610       ?luaB_load@?A0xc8d640f7@@YGHPAUlua_State@@@Z 10002610 f   luaglue.obj
 0001:00001620       ?luaB_dofile@?A0xc8d640f7@@YGHPAUlua_State@@@Z 10002620 f   luaglue.obj
 0001:00001630       ?luaB_assert@?A0xc8d640f7@@YGHPAUlua_State@@@Z 10002630 f   luaglue.obj
 0001:00001640       ?luaB_unpack@?A0xc8d640f7@@YGHPAUlua_State@@@Z 10002640 f   luaglue.obj
 0001:00001650       ?luaB_select@?A0xc8d640f7@@YGHPAUlua_State@@@Z 10002650 f   luaglue.obj
 0001:00001660       ?luaB_pcall@?A0xc8d640f7@@YGHPAUlua_State@@@Z 10002660 f   luaglue.obj
 0001:00001670       ?luaB_xpcall@?A0xc8d640f7@@YGHPAUlua_State@@@Z 10002670 f   luaglue.obj
 0001:00001680       ?luaB_tostring@?A0xc8d640f7@@YGHPAUlua_State@@@Z 10002680 f   luaglue.obj
 0001:00001690       ?luaB_newproxy@?A0xc8d640f7@@YGHPAUlua_State@@@Z 10002690 f   luaglue.obj
 0001:000016a0       ?auxresume@?A0xc8d640f7@@YGHPAUlua_State@@0H@Z 100026a0 f   luaglue.obj
 0001:000016b0       ?luaB_coresume@?A0xc8d640f7@@YGHPAUlua_State@@@Z 100026b0 f   luaglue.obj
 0001:000016c0       ?luaB_auxwrap@?A0xc8d640f7@@YGHPAUlua_State@@@Z 100026c0 f   luaglue.obj
 0001:000016d0       ?luaB_cocreate@?A0xc8d640f7@@YGHPAUlua_State@@@Z 100026d0 f   luaglue.obj
 0001:000016e0       ?luaB_cowrap@?A0xc8d640f7@@YGHPAUlua_State@@@Z 100026e0 f   luaglue.obj
 0001:000016f0       ?luaB_yield@?A0xc8d640f7@@YGHPAUlua_State@@@Z 100026f0 f   luaglue.obj
 0001:00001700       ?luaB_costatus@?A0xc8d640f7@@YGHPAUlua_State@@@Z 10002700 f   luaglue.obj
 0001:00001710       ?luaB_corunning@?A0xc8d640f7@@YGHPAUlua_State@@@Z 10002710 f   luaglue.obj
 0001:00001720       ?auxopen@?A0xc8d640f7@@YGXPAUlua_State@@PBDP6GH0@Z2@Z 10002720 f   luaglue.obj
 0001:00001730       ?base_open@?A0xc8d640f7@@YGXPAUlua_State@@@Z 10002730 f   luaglue.obj
 0001:00001740       ?luaopen_base@@YGHPAUlua_State@@@Z 10002740 f   luaglue.obj
 0001:00001750       ?isnumeral@?A0xc8d640f7@@YGHPAUexpdesc@@@Z 10002750 f   luaglue.obj
 0001:00001760       ?luaK_nil@@YGXPAUFuncState@@HH@Z 10002760 f   luaglue.obj
 0001:00001770       ?luaK_jump@@YGHPAUFuncState@@@Z 10002770 f   luaglue.obj
 0001:00001780       ?luaK_ret@@YGXPAUFuncState@@HH@Z 10002780 f   luaglue.obj
 0001:00001790       ?condjump@?A0xc8d640f7@@YGHPAUFuncState@@W4OpCode@@HHH@Z 10002790 f   luaglue.obj
 0001:000017a0       ?fixjump@?A0xc8d640f7@@YGXPAUFuncState@@HH@Z 100027a0 f   luaglue.obj
 0001:000017b0       ?luaK_getlabel@@YGHPAUFuncState@@@Z 100027b0 f   luaglue.obj
 0001:000017c0       ?getjump@?A0xc8d640f7@@YGHPAUFuncState@@H@Z 100027c0 f   luaglue.obj
 0001:000017d0       ?getjumpcontrol@?A0xc8d640f7@@YGPAIPAUFuncState@@H@Z 100027d0 f   luaglue.obj
 0001:000017e0       ?need_value@?A0xc8d640f7@@YGHPAUFuncState@@H@Z 100027e0 f   luaglue.obj
 0001:000017f0       ?patchtestreg@?A0xc8d640f7@@YGHPAUFuncState@@HH@Z 100027f0 f   luaglue.obj
 0001:00001800       ?removevalues@?A0xc8d640f7@@YGXPAUFuncState@@H@Z 10002800 f   luaglue.obj
 0001:00001810       ?patchlistaux@?A0xc8d640f7@@YGXPAUFuncState@@HHHH@Z 10002810 f   luaglue.obj
 0001:00001820       ?dischargejpc@?A0xc8d640f7@@YGXPAUFuncState@@@Z 10002820 f   luaglue.obj
 0001:00001830       ?luaK_patchlist@@YGXPAUFuncState@@HH@Z 10002830 f   luaglue.obj
 0001:00001840       ?luaK_patchtohere@@YGXPAUFuncState@@H@Z 10002840 f   luaglue.obj
 0001:00001850       ?luaK_concat@@YGXPAUFuncState@@PAHH@Z 10002850 f   luaglue.obj
 0001:00001860       ?luaK_checkstack@@YGXPAUFuncState@@H@Z 10002860 f   luaglue.obj
 0001:00001870       ?luaK_reserveregs@@YGXPAUFuncState@@H@Z 10002870 f   luaglue.obj
 0001:00001880       ?freereg@?A0xc8d640f7@@YGXPAUFuncState@@H@Z 10002880 f   luaglue.obj
 0001:00001890       ?freeexp@?A0xc8d640f7@@YGXPAUFuncState@@PAUexpdesc@@@Z 10002890 f   luaglue.obj
 0001:000018a0       ?addk@?A0xc8d640f7@@YGHPAUFuncState@@PAUlua_TValue@@1@Z 100028a0 f   luaglue.obj
 0001:000018b0       ?luaK_stringK@@YGHPAUFuncState@@PATTString@@@Z 100028b0 f   luaglue.obj
 0001:000018c0       ?luaK_numberK@@YGHPAUFuncState@@N@Z 100028c0 f   luaglue.obj
 0001:000018d0       ?boolK@?A0xc8d640f7@@YGHPAUFuncState@@H@Z 100028d0 f   luaglue.obj
 0001:000018e0       ?nilK@?A0xc8d640f7@@YGHPAUFuncState@@@Z 100028e0 f   luaglue.obj
 0001:000018f0       ?luaK_setreturns@@YGXPAUFuncState@@PAUexpdesc@@H@Z 100028f0 f   luaglue.obj
 0001:00001900       ?luaK_setoneret@@YGXPAUFuncState@@PAUexpdesc@@@Z 10002900 f   luaglue.obj
 0001:00001910       ?luaK_dischargevars@@YGXPAUFuncState@@PAUexpdesc@@@Z 10002910 f   luaglue.obj
 0001:00001920       ?code_label@?A0xc8d640f7@@YGHPAUFuncState@@HHH@Z 10002920 f   luaglue.obj
 0001:00001930       ?discharge2reg@?A0xc8d640f7@@YGXPAUFuncState@@PAUexpdesc@@H@Z 10002930 f   luaglue.obj
 0001:00001940       ?discharge2anyreg@?A0xc8d640f7@@YGXPAUFuncState@@PAUexpdesc@@@Z 10002940 f   luaglue.obj
 0001:00001950       ?exp2reg@?A0xc8d640f7@@YGXPAUFuncState@@PAUexpdesc@@H@Z 10002950 f   luaglue.obj
 0001:00001960       ?luaK_exp2nextreg@@YGXPAUFuncState@@PAUexpdesc@@@Z 10002960 f   luaglue.obj
 0001:00001970       ?luaK_exp2anyreg@@YGHPAUFuncState@@PAUexpdesc@@@Z 10002970 f   luaglue.obj
 0001:00001980       ?luaK_exp2val@@YGXPAUFuncState@@PAUexpdesc@@@Z 10002980 f   luaglue.obj
 0001:00001990       ?luaK_exp2RK@@YGHPAUFuncState@@PAUexpdesc@@@Z 10002990 f   luaglue.obj
 0001:000019a0       ?luaK_storevar@@YGXPAUFuncState@@PAUexpdesc@@1@Z 100029a0 f   luaglue.obj
 0001:000019b0       ?luaK_self@@YGXPAUFuncState@@PAUexpdesc@@1@Z 100029b0 f   luaglue.obj
 0001:000019c0       ?invertjump@?A0xc8d640f7@@YGXPAUFuncState@@PAUexpdesc@@@Z 100029c0 f   luaglue.obj
 0001:000019d0       ?jumponcond@?A0xc8d640f7@@YGHPAUFuncState@@PAUexpdesc@@H@Z 100029d0 f   luaglue.obj
 0001:000019e0       ?luaK_goiftrue@@YGXPAUFuncState@@PAUexpdesc@@@Z 100029e0 f   luaglue.obj
 0001:000019f0       ?luaK_goiffalse@?A0xc8d640f7@@YGXPAUFuncState@@PAUexpdesc@@@Z 100029f0 f   luaglue.obj
 0001:00001a00       ?codenot@?A0xc8d640f7@@YGXPAUFuncState@@PAUexpdesc@@@Z 10002a00 f   luaglue.obj
 0001:00001a10       ?luaK_indexed@@YGXPAUFuncState@@PAUexpdesc@@1@Z 10002a10 f   luaglue.obj
 0001:00001a20       ?constfolding@?A0xc8d640f7@@YGHW4OpCode@@PAUexpdesc@@1@Z 10002a20 f   luaglue.obj
 0001:00001a30       ?codearith@?A0xc8d640f7@@YGXPAUFuncState@@W4OpCode@@PAUexpdesc@@2@Z 10002a30 f   luaglue.obj
 0001:00001a40       ?codecomp@?A0xc8d640f7@@YGXPAUFuncState@@W4OpCode@@HPAUexpdesc@@2@Z 10002a40 f   luaglue.obj
 0001:00001a50       ?luaK_prefix@@YGXPAUFuncState@@W4UnOpr@@PAUexpdesc@@@Z 10002a50 f   luaglue.obj
 0001:00001a60       ?luaK_infix@@YGXPAUFuncState@@W4BinOpr@@PAUexpdesc@@@Z 10002a60 f   luaglue.obj
 0001:00001a70       ?luaK_posfix@@YGXPAUFuncState@@W4BinOpr@@PAUexpdesc@@2@Z 10002a70 f   luaglue.obj
 0001:00001a80       ?luaK_fixline@@YGXPAUFuncState@@H@Z 10002a80 f   luaglue.obj
 0001:00001a90       ?luaK_code@?A0xc8d640f7@@YGHPAUFuncState@@IH@Z 10002a90 f   luaglue.obj
 0001:00001aa0       ?luaK_codeABC@@YGHPAUFuncState@@W4OpCode@@HHH@Z 10002aa0 f   luaglue.obj
 0001:00001ab0       ?luaK_codeABx@@YGHPAUFuncState@@W4OpCode@@HI@Z 10002ab0 f   luaglue.obj
 0001:00001ac0       ?luaK_setlist@@YGXPAUFuncState@@HHH@Z 10002ac0 f   luaglue.obj
 0001:00001ad0       ?db_getregistry@?A0xc8d640f7@@YGHPAUlua_State@@@Z 10002ad0 f   luaglue.obj
 0001:00001ae0       ?db_getmetatable@?A0xc8d640f7@@YGHPAUlua_State@@@Z 10002ae0 f   luaglue.obj
 0001:00001af0       ?db_setmetatable@?A0xc8d640f7@@YGHPAUlua_State@@@Z 10002af0 f   luaglue.obj
 0001:00001b00       ?db_getfenv@?A0xc8d640f7@@YGHPAUlua_State@@@Z 10002b00 f   luaglue.obj
 0001:00001b10       ?db_setfenv@?A0xc8d640f7@@YGHPAUlua_State@@@Z 10002b10 f   luaglue.obj
 0001:00001b20       ?settabss@?A0xc8d640f7@@YGXPAUlua_State@@PBD1@Z 10002b20 f   luaglue.obj
 0001:00001b30       ?settabsi@?A0xc8d640f7@@YGXPAUlua_State@@PBDH@Z 10002b30 f   luaglue.obj
 0001:00001b40       ?getthread@?A0xc8d640f7@@YGPAUlua_State@@PAU2@PAH@Z 10002b40 f   luaglue.obj
 0001:00001b50       ?treatstackoption@?A0xc8d640f7@@YGXPAUlua_State@@0PBD@Z 10002b50 f   luaglue.obj
 0001:00001b60       ?db_getinfo@?A0xc8d640f7@@YGHPAUlua_State@@@Z 10002b60 f   luaglue.obj
 0001:00001b70       ?db_getlocal@?A0xc8d640f7@@YGHPAUlua_State@@@Z 10002b70 f   luaglue.obj
 0001:00001b80       ?db_setlocal@?A0xc8d640f7@@YGHPAUlua_State@@@Z 10002b80 f   luaglue.obj
 0001:00001b90       ?auxupvalue@?A0xc8d640f7@@YGHPAUlua_State@@H@Z 10002b90 f   luaglue.obj
 0001:00001ba0       ?db_getupvalue@?A0xc8d640f7@@YGHPAUlua_State@@@Z 10002ba0 f   luaglue.obj
 0001:00001bb0       ?db_setupvalue@?A0xc8d640f7@@YGHPAUlua_State@@@Z 10002bb0 f   luaglue.obj
 0001:00001bc0       ?hookf@?A0xc8d640f7@@YGXPAUlua_State@@PAUlua_Debug@@@Z 10002bc0 f   luaglue.obj
 0001:00001bd0       ?makemask@?A0xc8d640f7@@YGHPBDH@Z 10002bd0 f   luaglue.obj
 0001:00001be0       ?unmakemask@?A0xc8d640f7@@YGPADHPAD@Z 10002be0 f   luaglue.obj
 0001:00001bf0       ?gethooktable@?A0xc8d640f7@@YGXPAUlua_State@@@Z 10002bf0 f   luaglue.obj
 0001:00001c00       ?db_sethook@?A0xc8d640f7@@YGHPAUlua_State@@@Z 10002c00 f   luaglue.obj
 0001:00001c10       ?db_gethook@?A0xc8d640f7@@YGHPAUlua_State@@@Z 10002c10 f   luaglue.obj
 0001:00001c20       ?db_debug@?A0xc8d640f7@@YGHPAUlua_State@@@Z 10002c20 f   luaglue.obj
 0001:00001c30       ?db_errorfb@?A0xc8d640f7@@YGHPAUlua_State@@@Z 10002c30 f   luaglue.obj
 0001:00001c40       ?luaopen_debug@@YGHPAUlua_State@@@Z 10002c40 f   luaglue.obj
 0001:00001c50       ?currentpc@?A0xc8d640f7@@YGHPAUlua_State@@PAUCallInfo@@@Z 10002c50 f   luaglue.obj
 0001:00001c60       ?currentline@?A0xc8d640f7@@YGHPAUlua_State@@PAUCallInfo@@@Z 10002c60 f   luaglue.obj
 0001:00001c70       ?lua_sethook@@YGHPAUlua_State@@P6GX0PAUlua_Debug@@@ZHH@Z 10002c70 f   luaglue.obj
 0001:00001c80       ?lua_gethook@@YGP6GXPAUlua_State@@PAUlua_Debug@@@Z0@Z 10002c80 f   luaglue.obj
 0001:00001c90       ?lua_gethookmask@@YGHPAUlua_State@@@Z 10002c90 f   luaglue.obj
 0001:00001ca0       ?lua_gethookcount@@YGHPAUlua_State@@@Z 10002ca0 f   luaglue.obj
 0001:00001cb0       ?lua_getstack@@YGHPAUlua_State@@HPAUlua_Debug@@@Z 10002cb0 f   luaglue.obj
 0001:00001cc0       ?getluaproto@?A0xc8d640f7@@YGPAUProto@@PAUCallInfo@@@Z 10002cc0 f   luaglue.obj
 0001:00001cd0       ?findlocal@?A0xc8d640f7@@YGPBDPAUlua_State@@PAUCallInfo@@H@Z 10002cd0 f   luaglue.obj
 0001:00001ce0       ?lua_getlocal@@YGPBDPAUlua_State@@PBUlua_Debug@@H@Z 10002ce0 f   luaglue.obj
 0001:00001cf0       ?lua_setlocal@@YGPBDPAUlua_State@@PBUlua_Debug@@H@Z 10002cf0 f   luaglue.obj
 0001:00001d00       ?funcinfo@?A0xc8d640f7@@YGXPAUlua_Debug@@PATClosure@@@Z 10002d00 f   luaglue.obj
 0001:00001d10       ?info_tailcall@?A0xc8d640f7@@YGXPAUlua_Debug@@@Z 10002d10 f   luaglue.obj
 0001:00001d20       ?collectvalidlines@?A0xc8d640f7@@YGXPAUlua_State@@PATClosure@@@Z 10002d20 f   luaglue.obj
 0001:00001d30       ?auxgetinfo@?A0xc8d640f7@@YGHPAUlua_State@@PBDPAUlua_Debug@@PATClosure@@PAUCallInfo@@@Z 10002d30 f   luaglue.obj
 0001:00001d40       ?lua_getinfo@@YGHPAUlua_State@@PBDPAUlua_Debug@@@Z 10002d40 f   luaglue.obj
 0001:00001d50       ?precheck@?A0xc8d640f7@@YGHPBUProto@@@Z 10002d50 f   luaglue.obj
 0001:00001d60       ?luaG_checkopenop@@YGHI@Z  10002d60 f   luaglue.obj
 0001:00001d70       ?checkArgMode@?A0xc8d640f7@@YGHPBUProto@@HW4OpArgMask@@@Z 10002d70 f   luaglue.obj
 0001:00001d80       ?symbexec@?A0xc8d640f7@@YGIPBUProto@@HH@Z 10002d80 f   luaglue.obj
 0001:00001d90       ?luaG_checkcode@@YGHPBUProto@@@Z 10002d90 f   luaglue.obj
 0001:00001da0       ?kname@?A0xc8d640f7@@YGPBDPAUProto@@H@Z 10002da0 f   luaglue.obj
 0001:00001db0       ?getobjname@?A0xc8d640f7@@YGPBDPAUlua_State@@PAUCallInfo@@HPAPBD@Z 10002db0 f   luaglue.obj
 0001:00001dc0       ?getfuncname@?A0xc8d640f7@@YGPBDPAUlua_State@@PAUCallInfo@@PAPBD@Z 10002dc0 f   luaglue.obj
 0001:00001dd0       ?isinstack@?A0xc8d640f7@@YGHPAUCallInfo@@PBUlua_TValue@@@Z 10002dd0 f   luaglue.obj
 0001:00001de0       ?luaG_typeerror@@YGXPAUlua_State@@PBUlua_TValue@@PBD@Z 10002de0 f   luaglue.obj
 0001:00001df0       ?luaG_concaterror@@YGXPAUlua_State@@PAUlua_TValue@@1@Z 10002df0 f   luaglue.obj
 0001:00001e00       ?luaG_aritherror@@YGXPAUlua_State@@PBUlua_TValue@@1@Z 10002e00 f   luaglue.obj
 0001:00001e10       ?luaG_ordererror@@YGHPAUlua_State@@PBUlua_TValue@@1@Z 10002e10 f   luaglue.obj
 0001:00001e20       ?addinfo@?A0xc8d640f7@@YGXPAUlua_State@@PBD@Z 10002e20 f   luaglue.obj
 0001:00001e30       ?luaG_errormsg@@YGXPAUlua_State@@@Z 10002e30 f   luaglue.obj
 0001:00001e40       ?luaD_seterrorobj@@YGXPAUlua_State@@HPAUlua_TValue@@@Z 10002e40 f   luaglue.obj
 0001:00001e50       ?restore_stack_limit@?A0xc8d640f7@@YGXPAUlua_State@@@Z 10002e50 f   luaglue.obj
 0001:00001e60       ?resetstack@?A0xc8d640f7@@YGXPAUlua_State@@H@Z 10002e60 f   luaglue.obj
 0001:00001e70       ?luaD_throw@@YGXPAUlua_State@@H@Z 10002e70 f   luaglue.obj
 0001:00001e80       ?luaD_rawrunprotected@@YGHPAUlua_State@@P6GX0PAX@Z1@Z 10002e80 f   luaglue.obj
 0001:00001e90       ?correctstack@?A0xc8d640f7@@YGXPAUlua_State@@PAUlua_TValue@@@Z 10002e90 f   luaglue.obj
 0001:00001ea0       ?luaD_reallocstack@@YGXPAUlua_State@@H@Z 10002ea0 f   luaglue.obj
 0001:00001eb0       ?luaD_reallocCI@@YGXPAUlua_State@@H@Z 10002eb0 f   luaglue.obj
 0001:00001ec0       ?luaD_growstack@@YGXPAUlua_State@@H@Z 10002ec0 f   luaglue.obj
 0001:00001ed0       ?growCI@?A0xc8d640f7@@YGPAUCallInfo@@PAUlua_State@@@Z 10002ed0 f   luaglue.obj
 0001:00001ee0       ?luaD_callhook@@YGXPAUlua_State@@HH@Z 10002ee0 f   luaglue.obj
 0001:00001ef0       ?adjust_varargs@?A0xc8d640f7@@YGPAUlua_TValue@@PAUlua_State@@PAUProto@@H@Z 10002ef0 f   luaglue.obj
 0001:00001f00       ?tryfuncTM@?A0xc8d640f7@@YGPAUlua_TValue@@PAUlua_State@@PAU2@@Z 10002f00 f   luaglue.obj
 0001:00001f10       ?luaD_precall@@YGHPAUlua_State@@PAUlua_TValue@@H@Z 10002f10 f   luaglue.obj
 0001:00001f20       ?callrethooks@?A0xc8d640f7@@YGPAUlua_TValue@@PAUlua_State@@PAU2@@Z 10002f20 f   luaglue.obj
 0001:00001f30       ?luaD_poscall@@YGHPAUlua_State@@PAUlua_TValue@@@Z 10002f30 f   luaglue.obj
 0001:00001f40       ?luaD_call@@YGXPAUlua_State@@PAUlua_TValue@@H@Z 10002f40 f   luaglue.obj
 0001:00001f50       ?resume@?A0xc8d640f7@@YGXPAUlua_State@@PAX@Z 10002f50 f   luaglue.obj
 0001:00001f60       ?resume_error@?A0xc8d640f7@@YGHPAUlua_State@@PBD@Z 10002f60 f   luaglue.obj
 0001:00001f70       ?lua_resume@@YGHPAUlua_State@@H@Z 10002f70 f   luaglue.obj
 0001:00001f80       ?lua_yield@@YGHPAUlua_State@@H@Z 10002f80 f   luaglue.obj
 0001:00001f90       ?luaD_pcall@@YGHPAUlua_State@@P6GX0PAX@Z1HH@Z 10002f90 f   luaglue.obj
 0001:00001fa0       ?f_parser@?A0xc8d640f7@@YGXPAUlua_State@@PAX@Z 10002fa0 f   luaglue.obj
 0001:00001fb0       ?luaD_protectedparser@@YGHPAUlua_State@@PAUZio@@PBD@Z 10002fb0 f   luaglue.obj
 0001:00001fc0       ?DumpBlock@?A0xc8d640f7@@YGXPBXIPAUDumpState@@@Z 10002fc0 f   luaglue.obj
 0001:00001fd0       ?DumpChar@?A0xc8d640f7@@YGXHPAUDumpState@@@Z 10002fd0 f   luaglue.obj
 0001:00001fe0       ?DumpInt@?A0xc8d640f7@@YGXHPAUDumpState@@@Z 10002fe0 f   luaglue.obj
 0001:00001ff0       ?DumpNumber@?A0xc8d640f7@@YGXNPAUDumpState@@@Z 10002ff0 f   luaglue.obj
 0001:00002000       ?DumpVector@?A0xc8d640f7@@YGXPBXHIPAUDumpState@@@Z 10003000 f   luaglue.obj
 0001:00002010       ?DumpString@?A0xc8d640f7@@YGXPBTTString@@PAUDumpState@@@Z 10003010 f   luaglue.obj
 0001:00002020       ?DumpConstants@?A0xc8d640f7@@YGXPBUProto@@PAUDumpState@@@Z 10003020 f   luaglue.obj
 0001:00002030       ?DumpDebug@?A0xc8d640f7@@YGXPBUProto@@PAUDumpState@@@Z 10003030 f   luaglue.obj
 0001:00002040       ?DumpFunction@?A0xc8d640f7@@YGXPBUProto@@PBTTString@@PAUDumpState@@@Z 10003040 f   luaglue.obj
 0001:00002050       ?DumpHeader@?A0xc8d640f7@@YGXPAUDumpState@@@Z 10003050 f   luaglue.obj
 0001:00002060       ?luaU_dump@@YGHPAUlua_State@@PBUProto@@P6GH0PBXIPAX@Z3H@Z 10003060 f   luaglue.obj
 0001:00002070       ?luaF_newCclosure@@YGPATClosure@@PAUlua_State@@HPAUTable@@@Z 10003070 f   luaglue.obj
 0001:00002080       ?luaF_newLclosure@@YGPATClosure@@PAUlua_State@@HPAUTable@@@Z 10003080 f   luaglue.obj
 0001:00002090       ?luaF_newupval@@YGPAUUpVal@@PAUlua_State@@@Z 10003090 f   luaglue.obj
 0001:000020a0       ?luaF_findupval@@YGPAUUpVal@@PAUlua_State@@PAUlua_TValue@@@Z 100030a0 f   luaglue.obj
 0001:000020b0       ?unlinkupval@?A0xc8d640f7@@YGXPAUUpVal@@@Z 100030b0 f   luaglue.obj
 0001:000020c0       ?luaF_freeupval@@YGXPAUlua_State@@PAUUpVal@@@Z 100030c0 f   luaglue.obj
 0001:000020d0       ?luaF_close@@YGXPAUlua_State@@PAUlua_TValue@@@Z 100030d0 f   luaglue.obj
 0001:000020e0       ?luaF_newproto@@YGPAUProto@@PAUlua_State@@@Z 100030e0 f   luaglue.obj
 0001:000020f0       ?luaF_freeproto@@YGXPAUlua_State@@PAUProto@@@Z 100030f0 f   luaglue.obj
 0001:00002100       ?luaF_freeclosure@@YGXPAUlua_State@@PATClosure@@@Z 10003100 f   luaglue.obj
 0001:00002110       ?luaF_getlocalname@@YGPBDPBUProto@@HH@Z 10003110 f   luaglue.obj
 0001:00002120       ?removeentry@?A0xc8d640f7@@YGXPAUNode@@@Z 10003120 f   luaglue.obj
 0001:00002130       ?reallymarkobject@?A0xc8d640f7@@YGXPAUglobal_State@@PATGCObject@@@Z 10003130 f   luaglue.obj
 0001:00002140       ?marktmu@?A0xc8d640f7@@YGXPAUglobal_State@@@Z 10003140 f   luaglue.obj
 0001:00002150       ?luaC_separateudata@@YGIPAUlua_State@@H@Z 10003150 f   luaglue.obj
 0001:00002160       ?traversetable@?A0xc8d640f7@@YGHPAUglobal_State@@PAUTable@@@Z 10003160 f   luaglue.obj
 0001:00002170       ?traverseproto@?A0xc8d640f7@@YGXPAUglobal_State@@PAUProto@@@Z 10003170 f   luaglue.obj
 0001:00002180       ?traverseclosure@?A0xc8d640f7@@YGXPAUglobal_State@@PATClosure@@@Z 10003180 f   luaglue.obj
 0001:00002190       ?checkstacksizes@?A0xc8d640f7@@YGXPAUlua_State@@PAUlua_TValue@@@Z 10003190 f   luaglue.obj
 0001:000021a0       ?traversestack@?A0xc8d640f7@@YGXPAUglobal_State@@PAUlua_State@@@Z 100031a0 f   luaglue.obj
 0001:000021b0       ?propagatemark@?A0xc8d640f7@@YGHPAUglobal_State@@@Z 100031b0 f   luaglue.obj
 0001:000021c0       ?propagateall@?A0xc8d640f7@@YGIPAUglobal_State@@@Z 100031c0 f   luaglue.obj
 0001:000021d0       ?iscleared@?A0xc8d640f7@@YGHPBUlua_TValue@@H@Z 100031d0 f   luaglue.obj
 0001:000021e0       ?cleartable@?A0xc8d640f7@@YGXPATGCObject@@@Z 100031e0 f   luaglue.obj
 0001:000021f0       ?freeobj@?A0xc8d640f7@@YGXPAUlua_State@@PATGCObject@@@Z 100031f0 f   luaglue.obj
 0001:00002200       ?sweeplist@?A0xc8d640f7@@YGPAPATGCObject@@PAUlua_State@@PAPAT2@I@Z 10003200 f   luaglue.obj
 0001:00002210       ?checkSizes@?A0xc8d640f7@@YGXPAUlua_State@@@Z 10003210 f   luaglue.obj
 0001:00002220       ?GCTM@?A0xc8d640f7@@YGXPAUlua_State@@@Z 10003220 f   luaglue.obj
 0001:00002230       ?luaC_callGCTM@@YGXPAUlua_State@@@Z 10003230 f   luaglue.obj
 0001:00002240       ?luaC_freeall@@YGXPAUlua_State@@@Z 10003240 f   luaglue.obj
 0001:00002250       ?markmt@?A0xc8d640f7@@YGXPAUglobal_State@@@Z 10003250 f   luaglue.obj
 0001:00002260       ?markroot@?A0xc8d640f7@@YGXPAUlua_State@@@Z 10003260 f   luaglue.obj
 0001:00002270       ?remarkupvals@?A0xc8d640f7@@YGXPAUglobal_State@@@Z 10003270 f   luaglue.obj
 0001:00002280       ?atomic@?A0xc8d640f7@@YGXPAUlua_State@@@Z 10003280 f   luaglue.obj
 0001:00002290       ?singlestep@?A0xc8d640f7@@YGHPAUlua_State@@@Z 10003290 f   luaglue.obj
 0001:000022a0       ?luaC_step@@YGXPAUlua_State@@@Z 100032a0 f   luaglue.obj
 0001:000022b0       ?luaC_fullgc@@YGXPAUlua_State@@@Z 100032b0 f   luaglue.obj
 0001:000022c0       ?luaC_barrierf@@YGXPAUlua_State@@PATGCObject@@1@Z 100032c0 f   luaglue.obj
 0001:000022d0       ?luaC_barrierback@@YGXPAUlua_State@@PAUTable@@@Z 100032d0 f   luaglue.obj
 0001:000022e0       ?luaC_link@@YGXPAUlua_State@@PATGCObject@@E@Z 100032e0 f   luaglue.obj
 0001:000022f0       ?luaC_linkupval@@YGXPAUlua_State@@PAUUpVal@@@Z 100032f0 f   luaglue.obj
 0001:00002300       ?luaL_openlibs@@YGXPAUlua_State@@@Z 10003300 f   luaglue.obj
 0001:00002310       ?pushresult@?A0xc8d640f7@@YGHPAUlua_State@@HPBD@Z 10003310 f   luaglue.obj
 0001:00002320       ?fileerror@?A0xc8d640f7@@YGXPAUlua_State@@HPBD@Z 10003320 f   luaglue.obj
 0001:00002330       ?io_type@?A0xc8d640f7@@YGHPAUlua_State@@@Z 10003330 f   luaglue.obj
 0001:00002340       ?tofile@?A0xc8d640f7@@YGPAU_iobuf@@PAUlua_State@@@Z 10003340 f   luaglue.obj
 0001:00002350       ?newfile@?A0xc8d640f7@@YGPAPAU_iobuf@@PAUlua_State@@@Z 10003350 f   luaglue.obj
 0001:00002360       ?io_pclose@?A0xc8d640f7@@YGHPAUlua_State@@@Z 10003360 f   luaglue.obj
 0001:00002370       ?io_fclose@?A0xc8d640f7@@YGHPAUlua_State@@@Z 10003370 f   luaglue.obj
 0001:00002380       ?aux_close@?A0xc8d640f7@@YGHPAUlua_State@@@Z 10003380 f   luaglue.obj
 0001:00002390       ?io_close@?A0xc8d640f7@@YGHPAUlua_State@@@Z 10003390 f   luaglue.obj
 0001:000023a0       ?io_gc@?A0xc8d640f7@@YGHPAUlua_State@@@Z 100033a0 f   luaglue.obj
 0001:000023b0       ?io_tostring@?A0xc8d640f7@@YGHPAUlua_State@@@Z 100033b0 f   luaglue.obj
 0001:000023c0       ?io_open@?A0xc8d640f7@@YGHPAUlua_State@@@Z 100033c0 f   luaglue.obj
 0001:000023d0       ?io_popen@?A0xc8d640f7@@YGHPAUlua_State@@@Z 100033d0 f   luaglue.obj
 0001:000023e0       ?io_tmpfile@?A0xc8d640f7@@YGHPAUlua_State@@@Z 100033e0 f   luaglue.obj
 0001:000023f0       ?getiofile@?A0xc8d640f7@@YGPAU_iobuf@@PAUlua_State@@H@Z 100033f0 f   luaglue.obj
 0001:00002400       ?g_iofile@?A0xc8d640f7@@YGHPAUlua_State@@HPBD@Z 10003400 f   luaglue.obj
 0001:00002410       ?io_input@?A0xc8d640f7@@YGHPAUlua_State@@@Z 10003410 f   luaglue.obj
 0001:00002420       ?io_output@?A0xc8d640f7@@YGHPAUlua_State@@@Z 10003420 f   luaglue.obj
 0001:00002430       ?aux_lines@?A0xc8d640f7@@YGXPAUlua_State@@HH@Z 10003430 f   luaglue.obj
 0001:00002440       ?f_lines@?A0xc8d640f7@@YGHPAUlua_State@@@Z 10003440 f   luaglue.obj
 0001:00002450       ?io_lines@?A0xc8d640f7@@YGHPAUlua_State@@@Z 10003450 f   luaglue.obj
 0001:00002460       ?read_number@?A0xc8d640f7@@YGHPAUlua_State@@PAU_iobuf@@@Z 10003460 f   luaglue.obj
 0001:00002470       ?test_eof@?A0xc8d640f7@@YGHPAUlua_State@@PAU_iobuf@@@Z 10003470 f   luaglue.obj
 0001:00002480       ?read_line@?A0xc8d640f7@@YGHPAUlua_State@@PAU_iobuf@@@Z 10003480 f   luaglue.obj
 0001:00002490       ?read_chars@?A0xc8d640f7@@YGHPAUlua_State@@PAU_iobuf@@I@Z 10003490 f   luaglue.obj
 0001:000024a0       ?g_read@?A0xc8d640f7@@YGHPAUlua_State@@PAU_iobuf@@H@Z 100034a0 f   luaglue.obj
 0001:000024b0       ?io_read@?A0xc8d640f7@@YGHPAUlua_State@@@Z 100034b0 f   luaglue.obj
 0001:000024c0       ?f_read@?A0xc8d640f7@@YGHPAUlua_State@@@Z 100034c0 f   luaglue.obj
 0001:000024d0       ?io_readline@?A0xc8d640f7@@YGHPAUlua_State@@@Z 100034d0 f   luaglue.obj
 0001:000024e0       ?g_write@?A0xc8d640f7@@YGHPAUlua_State@@PAU_iobuf@@H@Z 100034e0 f   luaglue.obj
 0001:000024f0       ?io_write@?A0xc8d640f7@@YGHPAUlua_State@@@Z 100034f0 f   luaglue.obj
 0001:00002500       ?f_write@?A0xc8d640f7@@YGHPAUlua_State@@@Z 10003500 f   luaglue.obj
 0001:00002510       ?f_seek@?A0xc8d640f7@@YGHPAUlua_State@@@Z 10003510 f   luaglue.obj
 0001:00002520       ?f_setvbuf@?A0xc8d640f7@@YGHPAUlua_State@@@Z 10003520 f   luaglue.obj
 0001:00002530       ?io_flush@?A0xc8d640f7@@YGHPAUlua_State@@@Z 10003530 f   luaglue.obj
 0001:00002540       ?f_flush@?A0xc8d640f7@@YGHPAUlua_State@@@Z 10003540 f   luaglue.obj
 0001:00002550       ?createmeta@?A0xc8d640f7@@YGXPAUlua_State@@@Z 10003550 f   luaglue.obj
 0001:00002560       ?createstdfile@?A0xc8d640f7@@YGXPAUlua_State@@PAU_iobuf@@HPBD@Z 10003560 f   luaglue.obj
 0001:00002570       ?luaopen_io@@YGHPAUlua_State@@@Z 10003570 f   luaglue.obj
 0001:00002580       ?save@?A0xc8d640f7@@YGXPAULexState@@H@Z 10003580 f   luaglue.obj
 0001:00002590       ?luaX_init@@YGXPAUlua_State@@@Z 10003590 f   luaglue.obj
 0001:000025a0       ?luaX_token2str@@YGPBDPAULexState@@H@Z 100035a0 f   luaglue.obj
 0001:000025b0       ?txtToken@?A0xc8d640f7@@YGPBDPAULexState@@H@Z 100035b0 f   luaglue.obj
 0001:000025c0       ?luaX_lexerror@@YGXPAULexState@@PBDH@Z 100035c0 f   luaglue.obj
 0001:000025d0       ?luaX_syntaxerror@@YGXPAULexState@@PBD@Z 100035d0 f   luaglue.obj
 0001:000025e0       ?luaX_newstring@@YGPATTString@@PAULexState@@PBDI@Z 100035e0 f   luaglue.obj
 0001:000025f0       ?inclinenumber@?A0xc8d640f7@@YGXPAULexState@@@Z 100035f0 f   luaglue.obj
 0001:00002600       ?luaX_setinput@@YGXPAUlua_State@@PAULexState@@PAUZio@@PATTString@@@Z 10003600 f   luaglue.obj
 0001:00002610       ?check_next@?A0xc8d640f7@@YGHPAULexState@@PBD@Z 10003610 f   luaglue.obj
 0001:00002620       ?buffreplace@?A0xc8d640f7@@YGXPAULexState@@DD@Z 10003620 f   luaglue.obj
 0001:00002630       ?trydecpoint@?A0xc8d640f7@@YGXPAULexState@@PATSemInfo@@@Z 10003630 f   luaglue.obj
 0001:00002640       ?read_numeral@?A0xc8d640f7@@YGXPAULexState@@PATSemInfo@@@Z 10003640 f   luaglue.obj
 0001:00002650       ?skip_sep@?A0xc8d640f7@@YGHPAULexState@@@Z 10003650 f   luaglue.obj
 0001:00002660       ?read_long_string@?A0xc8d640f7@@YGXPAULexState@@PATSemInfo@@H@Z 10003660 f   luaglue.obj
 0001:00002670       ?read_string@?A0xc8d640f7@@YGXPAULexState@@HPATSemInfo@@@Z 10003670 f   luaglue.obj
 0001:00002680       ?llex@?A0xc8d640f7@@YGHPAULexState@@PATSemInfo@@@Z 10003680 f   luaglue.obj
 0001:00002690       ?luaX_next@@YGXPAULexState@@@Z 10003690 f   luaglue.obj
 0001:000026a0       ?luaX_lookahead@@YGXPAULexState@@@Z 100036a0 f   luaglue.obj
 0001:000026b0       ?math_abs@?A0xc8d640f7@@YGHPAUlua_State@@@Z 100036b0 f   luaglue.obj
 0001:000026c0       ?math_sin@?A0xc8d640f7@@YGHPAUlua_State@@@Z 100036c0 f   luaglue.obj
 0001:000026d0       ?math_sinh@?A0xc8d640f7@@YGHPAUlua_State@@@Z 100036d0 f   luaglue.obj
 0001:000026e0       ?math_cos@?A0xc8d640f7@@YGHPAUlua_State@@@Z 100036e0 f   luaglue.obj
 0001:000026f0       ?math_cosh@?A0xc8d640f7@@YGHPAUlua_State@@@Z 100036f0 f   luaglue.obj
 0001:00002700       ?math_tan@?A0xc8d640f7@@YGHPAUlua_State@@@Z 10003700 f   luaglue.obj
 0001:00002710       ?math_tanh@?A0xc8d640f7@@YGHPAUlua_State@@@Z 10003710 f   luaglue.obj
 0001:00002720       ?math_asin@?A0xc8d640f7@@YGHPAUlua_State@@@Z 10003720 f   luaglue.obj
 0001:00002730       ?math_acos@?A0xc8d640f7@@YGHPAUlua_State@@@Z 10003730 f   luaglue.obj
 0001:00002740       ?math_atan@?A0xc8d640f7@@YGHPAUlua_State@@@Z 10003740 f   luaglue.obj
 0001:00002750       ?math_atan2@?A0xc8d640f7@@YGHPAUlua_State@@@Z 10003750 f   luaglue.obj
 0001:00002760       ?math_ceil@?A0xc8d640f7@@YGHPAUlua_State@@@Z 10003760 f   luaglue.obj
 0001:00002770       ?math_floor@?A0xc8d640f7@@YGHPAUlua_State@@@Z 10003770 f   luaglue.obj
 0001:00002780       ?math_fmod@?A0xc8d640f7@@YGHPAUlua_State@@@Z 10003780 f   luaglue.obj
 0001:00002790       ?math_modf@?A0xc8d640f7@@YGHPAUlua_State@@@Z 10003790 f   luaglue.obj
 0001:000027a0       ?math_sqrt@?A0xc8d640f7@@YGHPAUlua_State@@@Z 100037a0 f   luaglue.obj
 0001:000027b0       ?math_pow@?A0xc8d640f7@@YGHPAUlua_State@@@Z 100037b0 f   luaglue.obj
 0001:000027c0       ?math_log@?A0xc8d640f7@@YGHPAUlua_State@@@Z 100037c0 f   luaglue.obj
 0001:000027d0       ?math_log10@?A0xc8d640f7@@YGHPAUlua_State@@@Z 100037d0 f   luaglue.obj
 0001:000027e0       ?math_exp@?A0xc8d640f7@@YGHPAUlua_State@@@Z 100037e0 f   luaglue.obj
 0001:000027f0       ?math_deg@?A0xc8d640f7@@YGHPAUlua_State@@@Z 100037f0 f   luaglue.obj
 0001:00002800       ?math_rad@?A0xc8d640f7@@YGHPAUlua_State@@@Z 10003800 f   luaglue.obj
 0001:00002810       ?math_frexp@?A0xc8d640f7@@YGHPAUlua_State@@@Z 10003810 f   luaglue.obj
 0001:00002820       ?math_ldexp@?A0xc8d640f7@@YGHPAUlua_State@@@Z 10003820 f   luaglue.obj
 0001:00002830       ?math_min@?A0xc8d640f7@@YGHPAUlua_State@@@Z 10003830 f   luaglue.obj
 0001:00002840       ?math_max@?A0xc8d640f7@@YGHPAUlua_State@@@Z 10003840 f   luaglue.obj
 0001:00002850       ?math_random@?A0xc8d640f7@@YGHPAUlua_State@@@Z 10003850 f   luaglue.obj
 0001:00002860       ?math_randomseed@?A0xc8d640f7@@YGHPAUlua_State@@@Z 10003860 f   luaglue.obj
 0001:00002870       ?luaopen_math@@YGHPAUlua_State@@@Z 10003870 f   luaglue.obj
 0001:00002880       ?luaM_growaux_@@YGPAXPAUlua_State@@PAXPAHIHPBD@Z 10003880 f   luaglue.obj
 0001:00002890       ?luaM_toobig@@YGPAXPAUlua_State@@@Z 10003890 f   luaglue.obj
 0001:000028a0       ?luaM_realloc_@@YGPAXPAUlua_State@@PAXII@Z 100038a0 f   luaglue.obj
 0001:000028b0       ?setprogdir@?A0xc8d640f7@@YGXPAUlua_State@@@Z 100038b0 f   luaglue.obj
 0001:000028c0       ?pusherror@?A0xc8d640f7@@YGXPAUlua_State@@@Z 100038c0 f   luaglue.obj
 0001:000028d0       ?ll_unloadlib@?A0xc8d640f7@@YGXPAX@Z 100038d0 f   luaglue.obj
 0001:000028e0       ?ll_load@?A0xc8d640f7@@YGPAXPAUlua_State@@PBD@Z 100038e0 f   luaglue.obj
 0001:000028f0       ?ll_sym@?A0xc8d640f7@@YGP6GHPAUlua_State@@@Z0PAXPBD@Z 100038f0 f   luaglue.obj
 0001:00002900       ?ll_register@?A0xc8d640f7@@YGPAPAXPAUlua_State@@PBD@Z 10003900 f   luaglue.obj
 0001:00002910       ?gctm@?A0xc8d640f7@@YGHPAUlua_State@@@Z 10003910 f   luaglue.obj
 0001:00002920       ?ll_loadfunc@?A0xc8d640f7@@YGHPAUlua_State@@PBD1@Z 10003920 f   luaglue.obj
 0001:00002930       ?ll_loadlib@?A0xc8d640f7@@YGHPAUlua_State@@@Z 10003930 f   luaglue.obj
 0001:00002940       ?readable@?A0xc8d640f7@@YGHPBD@Z 10003940 f   luaglue.obj
 0001:00002950       ?pushnexttemplate@?A0xc8d640f7@@YGPBDPAUlua_State@@PBD@Z 10003950 f   luaglue.obj
 0001:00002960       ?findfile@?A0xc8d640f7@@YGPBDPAUlua_State@@PBD1@Z 10003960 f   luaglue.obj
 0001:00002970       ?loaderror@?A0xc8d640f7@@YGXPAUlua_State@@PBD@Z 10003970 f   luaglue.obj
 0001:00002980       ?loader_Lua@?A0xc8d640f7@@YGHPAUlua_State@@@Z 10003980 f   luaglue.obj
 0001:00002990       ?mkfuncname@?A0xc8d640f7@@YGPBDPAUlua_State@@PBD@Z 10003990 f   luaglue.obj
 0001:000029a0       ?loader_C@?A0xc8d640f7@@YGHPAUlua_State@@@Z 100039a0 f   luaglue.obj
 0001:000029b0       ?loader_Croot@?A0xc8d640f7@@YGHPAUlua_State@@@Z 100039b0 f   luaglue.obj
 0001:000029c0       ?loader_preload@?A0xc8d640f7@@YGHPAUlua_State@@@Z 100039c0 f   luaglue.obj
 0001:000029d0       ?ll_require@?A0xc8d640f7@@YGHPAUlua_State@@@Z 100039d0 f   luaglue.obj
 0001:000029e0       ?setfenv@?A0xc8d640f7@@YGXPAUlua_State@@@Z 100039e0 f   luaglue.obj
 0001:000029f0       ?dooptions@?A0xc8d640f7@@YGXPAUlua_State@@H@Z 100039f0 f   luaglue.obj
 0001:00002a00       ?modinit@?A0xc8d640f7@@YGXPAUlua_State@@PBD@Z 10003a00 f   luaglue.obj
 0001:00002a10       ?ll_module@?A0xc8d640f7@@YGHPAUlua_State@@@Z 10003a10 f   luaglue.obj
 0001:00002a20       ?ll_seeall@?A0xc8d640f7@@YGHPAUlua_State@@@Z 10003a20 f   luaglue.obj
 0001:00002a30       ?setpath@?A0xc8d640f7@@YGXPAUlua_State@@PBD11@Z 10003a30 f   luaglue.obj
 0001:00002a40       ?luaopen_package@@YGHPAUlua_State@@@Z 10003a40 f   luaglue.obj
 0001:00002a50       ?luaO_int2fb@@YGHI@Z       10003a50 f   luaglue.obj
 0001:00002a60       ?luaO_fb2int@@YGHH@Z       10003a60 f   luaglue.obj
 0001:00002a70       ?luaO_log2@@YGHI@Z         10003a70 f   luaglue.obj
 0001:00002a80       ?luaO_rawequalObj@@YGHPBUlua_TValue@@0@Z 10003a80 f   luaglue.obj
 0001:00002a90       ?luaO_str2d@@YGHPBDPAN@Z   10003a90 f   luaglue.obj
 0001:00002aa0       ?pushstr@?A0xc8d640f7@@YGXPAUlua_State@@PBD@Z 10003aa0 f   luaglue.obj
 0001:00002ab0       ?luaO_chunkid@@YGXPADPBDI@Z 10003ab0 f   luaglue.obj
 0001:00002ac0       _difftime@0xc8d640f7       10003ac0 f i luaglue.obj
 0001:00002ad0       _gmtime@0xc8d640f7         10003ad0 f i luaglue.obj
 0001:00002ae0       _localtime@0xc8d640f7      10003ae0 f i luaglue.obj
 0001:00002af0       _mktime@0xc8d640f7         10003af0 f i luaglue.obj
 0001:00002b00       _time@0xc8d640f7           10003b00 f i luaglue.obj
 0001:00002b10       ?os_pushresult@?A0xc8d640f7@@YGHPAUlua_State@@HPBD@Z 10003b10 f   luaglue.obj
 0001:00002b20       ?os_execute@?A0xc8d640f7@@YGHPAUlua_State@@@Z 10003b20 f   luaglue.obj
 0001:00002b30       ?os_remove@?A0xc8d640f7@@YGHPAUlua_State@@@Z 10003b30 f   luaglue.obj
 0001:00002b40       ?os_rename@?A0xc8d640f7@@YGHPAUlua_State@@@Z 10003b40 f   luaglue.obj
 0001:00002b50       ?os_tmpname@?A0xc8d640f7@@YGHPAUlua_State@@@Z 10003b50 f   luaglue.obj
 0001:00002b60       ?os_getenv@?A0xc8d640f7@@YGHPAUlua_State@@@Z 10003b60 f   luaglue.obj
 0001:00002b70       ?os_clock@?A0xc8d640f7@@YGHPAUlua_State@@@Z 10003b70 f   luaglue.obj
 0001:00002b80       ?setfield@?A0xc8d640f7@@YGXPAUlua_State@@PBDH@Z 10003b80 f   luaglue.obj
 0001:00002b90       ?setboolfield@?A0xc8d640f7@@YGXPAUlua_State@@PBDH@Z 10003b90 f   luaglue.obj
 0001:00002ba0       ?getboolfield@?A0xc8d640f7@@YGHPAUlua_State@@PBD@Z 10003ba0 f   luaglue.obj
 0001:00002bb0       ?getfield@?A0xc8d640f7@@YGHPAUlua_State@@PBDH@Z 10003bb0 f   luaglue.obj
 0001:00002bc0       ?os_date@?A0xc8d640f7@@YGHPAUlua_State@@@Z 10003bc0 f   luaglue.obj
 0001:00002bd0       ?os_time@?A0xc8d640f7@@YGHPAUlua_State@@@Z 10003bd0 f   luaglue.obj
 0001:00002be0       ?os_difftime@?A0xc8d640f7@@YGHPAUlua_State@@@Z 10003be0 f   luaglue.obj
 0001:00002bf0       ?os_setlocale@?A0xc8d640f7@@YGHPAUlua_State@@@Z 10003bf0 f   luaglue.obj
 0001:00002c00       ?os_exit@?A0xc8d640f7@@YGHPAUlua_State@@@Z 10003c00 f   luaglue.obj
 0001:00002c10       ?luaopen_os@@YGHPAUlua_State@@@Z 10003c10 f   luaglue.obj
 0001:00002c20       ?anchor_token@?A0xc8d640f7@@YGXPAULexState@@@Z 10003c20 f   luaglue.obj
 0001:00002c30       ?error_expected@?A0xc8d640f7@@YGXPAULexState@@H@Z 10003c30 f   luaglue.obj
 0001:00002c40       ?errorlimit@?A0xc8d640f7@@YGXPAUFuncState@@HPBD@Z 10003c40 f   luaglue.obj
 0001:00002c50       ?testnext@?A0xc8d640f7@@YGHPAULexState@@H@Z 10003c50 f   luaglue.obj
 0001:00002c60       ?check@?A0xc8d640f7@@YGXPAULexState@@H@Z 10003c60 f   luaglue.obj
 0001:00002c70       ?checknext@?A0xc8d640f7@@YGXPAULexState@@H@Z 10003c70 f   luaglue.obj
 0001:00002c80       ?check_match@?A0xc8d640f7@@YGXPAULexState@@HHH@Z 10003c80 f   luaglue.obj
 0001:00002c90       ?str_checkname@?A0xc8d640f7@@YGPATTString@@PAULexState@@@Z 10003c90 f   luaglue.obj
 0001:00002ca0       ?init_exp@?A0xc8d640f7@@YGXPAUexpdesc@@W4expkind@@H@Z 10003ca0 f   luaglue.obj
 0001:00002cb0       ?codestring@?A0xc8d640f7@@YGXPAULexState@@PAUexpdesc@@PATTString@@@Z 10003cb0 f   luaglue.obj
 0001:00002cc0       ?checkname@?A0xc8d640f7@@YGXPAULexState@@PAUexpdesc@@@Z 10003cc0 f   luaglue.obj
 0001:00002cd0       ?registerlocalvar@?A0xc8d640f7@@YGHPAULexState@@PATTString@@@Z 10003cd0 f   luaglue.obj
 0001:00002ce0       ?new_localvar@?A0xc8d640f7@@YGXPAULexState@@PATTString@@H@Z 10003ce0 f   luaglue.obj
 0001:00002cf0       ?adjustlocalvars@?A0xc8d640f7@@YGXPAULexState@@H@Z 10003cf0 f   luaglue.obj
 0001:00002d00       ?removevars@?A0xc8d640f7@@YGXPAULexState@@H@Z 10003d00 f   luaglue.obj
 0001:00002d10       ?indexupvalue@?A0xc8d640f7@@YGHPAUFuncState@@PATTString@@PAUexpdesc@@@Z 10003d10 f   luaglue.obj
 0001:00002d20       ?searchvar@?A0xc8d640f7@@YGHPAUFuncState@@PATTString@@@Z 10003d20 f   luaglue.obj
 0001:00002d30       ?markupval@?A0xc8d640f7@@YGXPAUFuncState@@H@Z 10003d30 f   luaglue.obj
 0001:00002d40       ?singlevaraux@?A0xc8d640f7@@YGHPAUFuncState@@PATTString@@PAUexpdesc@@H@Z 10003d40 f   luaglue.obj
 0001:00002d50       ?singlevar@?A0xc8d640f7@@YGXPAULexState@@PAUexpdesc@@@Z 10003d50 f   luaglue.obj
 0001:00002d60       ?adjust_assign@?A0xc8d640f7@@YGXPAULexState@@HHPAUexpdesc@@@Z 10003d60 f   luaglue.obj
 0001:00002d70       ?enterlevel@?A0xc8d640f7@@YGXPAULexState@@@Z 10003d70 f   luaglue.obj
 0001:00002d80       ?enterblock@?A0xc8d640f7@@YGXPAUFuncState@@PAUBlockCnt@@E@Z 10003d80 f   luaglue.obj
 0001:00002d90       ?leaveblock@?A0xc8d640f7@@YGXPAUFuncState@@@Z 10003d90 f   luaglue.obj
 0001:00002da0       ?pushclosure@?A0xc8d640f7@@YGXPAULexState@@PAUFuncState@@PAUexpdesc@@@Z 10003da0 f   luaglue.obj
 0001:00002db0       ?open_func@?A0xc8d640f7@@YGXPAULexState@@PAUFuncState@@@Z 10003db0 f   luaglue.obj
 0001:00002dc0       ?close_func@?A0xc8d640f7@@YGXPAULexState@@@Z 10003dc0 f   luaglue.obj
 0001:00002dd0       ?luaY_parser@@YGPAUProto@@PAUlua_State@@PAUZio@@PAUMbuffer@@PBD@Z 10003dd0 f   luaglue.obj
 0001:00002de0       ?field@?A0xc8d640f7@@YGXPAULexState@@PAUexpdesc@@@Z 10003de0 f   luaglue.obj
 0001:00002df0       ?yindex@?A0xc8d640f7@@YGXPAULexState@@PAUexpdesc@@@Z 10003df0 f   luaglue.obj
 0001:00002e00       ?recfield@?A0xc8d640f7@@YGXPAULexState@@PAUConsControl@@@Z 10003e00 f   luaglue.obj
 0001:00002e10       ?closelistfield@?A0xc8d640f7@@YGXPAUFuncState@@PAUConsControl@@@Z 10003e10 f   luaglue.obj
 0001:00002e20       ?lastlistfield@?A0xc8d640f7@@YGXPAUFuncState@@PAUConsControl@@@Z 10003e20 f   luaglue.obj
 0001:00002e30       ?listfield@?A0xc8d640f7@@YGXPAULexState@@PAUConsControl@@@Z 10003e30 f   luaglue.obj
 0001:00002e40       ?constructor@?A0xc8d640f7@@YGXPAULexState@@PAUexpdesc@@@Z 10003e40 f   luaglue.obj
 0001:00002e50       ?parlist@?A0xc8d640f7@@YGXPAULexState@@@Z 10003e50 f   luaglue.obj
 0001:00002e60       ?body@?A0xc8d640f7@@YGXPAULexState@@PAUexpdesc@@HH@Z 10003e60 f   luaglue.obj
 0001:00002e70       ?explist1@?A0xc8d640f7@@YGHPAULexState@@PAUexpdesc@@@Z 10003e70 f   luaglue.obj
 0001:00002e80       ?funcargs@?A0xc8d640f7@@YGXPAULexState@@PAUexpdesc@@@Z 10003e80 f   luaglue.obj
 0001:00002e90       ?prefixexp@?A0xc8d640f7@@YGXPAULexState@@PAUexpdesc@@@Z 10003e90 f   luaglue.obj
 0001:00002ea0       ?primaryexp@?A0xc8d640f7@@YGXPAULexState@@PAUexpdesc@@@Z 10003ea0 f   luaglue.obj
 0001:00002eb0       ?simpleexp@?A0xc8d640f7@@YGXPAULexState@@PAUexpdesc@@@Z 10003eb0 f   luaglue.obj
 0001:00002ec0       ?getunopr@?A0xc8d640f7@@YG?AW4UnOpr@@H@Z 10003ec0 f   luaglue.obj
 0001:00002ed0       ?getbinopr@?A0xc8d640f7@@YG?AW4BinOpr@@H@Z 10003ed0 f   luaglue.obj
 0001:00002ee0       ?subexpr@?A0xc8d640f7@@YG?AW4BinOpr@@PAULexState@@PAUexpdesc@@I@Z 10003ee0 f   luaglue.obj
 0001:00002ef0       ?expr@?A0xc8d640f7@@YGXPAULexState@@PAUexpdesc@@@Z 10003ef0 f   luaglue.obj
 0001:00002f00       ?block_follow@?A0xc8d640f7@@YGHH@Z 10003f00 f   luaglue.obj
 0001:00002f10       ?block@?A0xc8d640f7@@YGXPAULexState@@@Z 10003f10 f   luaglue.obj
 0001:00002f20       ?check_conflict@?A0xc8d640f7@@YGXPAULexState@@PAULHS_assign@@PAUexpdesc@@@Z 10003f20 f   luaglue.obj
 0001:00002f30       ?assignment@?A0xc8d640f7@@YGXPAULexState@@PAULHS_assign@@H@Z 10003f30 f   luaglue.obj
 0001:00002f40       ?cond@?A0xc8d640f7@@YGHPAULexState@@@Z 10003f40 f   luaglue.obj
 0001:00002f50       ?breakstat@?A0xc8d640f7@@YGXPAULexState@@@Z 10003f50 f   luaglue.obj
 0001:00002f60       ?whilestat@?A0xc8d640f7@@YGXPAULexState@@H@Z 10003f60 f   luaglue.obj
 0001:00002f70       ?repeatstat@?A0xc8d640f7@@YGXPAULexState@@H@Z 10003f70 f   luaglue.obj
 0001:00002f80       ?exp1@?A0xc8d640f7@@YGHPAULexState@@@Z 10003f80 f   luaglue.obj
 0001:00002f90       ?forbody@?A0xc8d640f7@@YGXPAULexState@@HHHH@Z 10003f90 f   luaglue.obj
 0001:00002fa0       ?fornum@?A0xc8d640f7@@YGXPAULexState@@PATTString@@H@Z 10003fa0 f   luaglue.obj
 0001:00002fb0       ?forlist@?A0xc8d640f7@@YGXPAULexState@@PATTString@@@Z 10003fb0 f   luaglue.obj
 0001:00002fc0       ?forstat@?A0xc8d640f7@@YGXPAULexState@@H@Z 10003fc0 f   luaglue.obj
 0001:00002fd0       ?test_then_block@?A0xc8d640f7@@YGHPAULexState@@@Z 10003fd0 f   luaglue.obj
 0001:00002fe0       ?ifstat@?A0xc8d640f7@@YGXPAULexState@@H@Z 10003fe0 f   luaglue.obj
 0001:00002ff0       ?localfunc@?A0xc8d640f7@@YGXPAULexState@@@Z 10003ff0 f   luaglue.obj
 0001:00003000       ?localstat@?A0xc8d640f7@@YGXPAULexState@@@Z 10004000 f   luaglue.obj
 0001:00003010       ?funcname@?A0xc8d640f7@@YGHPAULexState@@PAUexpdesc@@@Z 10004010 f   luaglue.obj
 0001:00003020       ?funcstat@?A0xc8d640f7@@YGXPAULexState@@H@Z 10004020 f   luaglue.obj
 0001:00003030       ?exprstat@?A0xc8d640f7@@YGXPAULexState@@@Z 10004030 f   luaglue.obj
 0001:00003040       ?retstat@?A0xc8d640f7@@YGXPAULexState@@@Z 10004040 f   luaglue.obj
 0001:00003050       ?statement@?A0xc8d640f7@@YGHPAULexState@@@Z 10004050 f   luaglue.obj
 0001:00003060       ?chunk@?A0xc8d640f7@@YGXPAULexState@@@Z 10004060 f   luaglue.obj
 0001:00003070       ?stack_init@?A0xc8d640f7@@YGXPAUlua_State@@0@Z 10004070 f   luaglue.obj
 0001:00003080       ?freestack@?A0xc8d640f7@@YGXPAUlua_State@@0@Z 10004080 f   luaglue.obj
 0001:00003090       ?f_luaopen@?A0xc8d640f7@@YGXPAUlua_State@@PAX@Z 10004090 f   luaglue.obj
 0001:000030a0       ?preinit_state@?A0xc8d640f7@@YGXPAUlua_State@@PAUglobal_State@@@Z 100040a0 f   luaglue.obj
 0001:000030b0       ?close_state@?A0xc8d640f7@@YGXPAUlua_State@@@Z 100040b0 f   luaglue.obj
 0001:000030c0       ?luaE_newthread@@YGPAUlua_State@@PAU1@@Z 100040c0 f   luaglue.obj
 0001:000030d0       ?luaE_freethread@@YGXPAUlua_State@@0@Z 100040d0 f   luaglue.obj
 0001:000030e0       ?lua_newstate@@YGPAUlua_State@@P6GPAXPAX0II@Z0@Z 100040e0 f   luaglue.obj
 0001:000030f0       ?callallgcTM@?A0xc8d640f7@@YGXPAUlua_State@@PAX@Z 100040f0 f   luaglue.obj
 0001:00003100       ?lua_close@@YGXPAUlua_State@@@Z 10004100 f   luaglue.obj
 0001:00003110       ?luaS_resize@@YGXPAUlua_State@@H@Z 10004110 f   luaglue.obj
 0001:00003120       ?newlstr@?A0xc8d640f7@@YGPATTString@@PAUlua_State@@PBDII@Z 10004120 f   luaglue.obj
 0001:00003130       ?luaS_newlstr@@YGPATTString@@PAUlua_State@@PBDI@Z 10004130 f   luaglue.obj
 0001:00003140       ?luaS_newudata@@YGPATUdata@@PAUlua_State@@IPAUTable@@@Z 10004140 f   luaglue.obj
 0001:00003150       ?str_len@?A0xc8d640f7@@YGHPAUlua_State@@@Z 10004150 f   luaglue.obj
 0001:00003160       ?posrelat@?A0xc8d640f7@@YGHHI@Z 10004160 f   luaglue.obj
 0001:00003170       ?str_sub@?A0xc8d640f7@@YGHPAUlua_State@@@Z 10004170 f   luaglue.obj
 0001:00003180       ?str_reverse@?A0xc8d640f7@@YGHPAUlua_State@@@Z 10004180 f   luaglue.obj
 0001:00003190       ?str_lower@?A0xc8d640f7@@YGHPAUlua_State@@@Z 10004190 f   luaglue.obj
 0001:000031a0       ?str_upper@?A0xc8d640f7@@YGHPAUlua_State@@@Z 100041a0 f   luaglue.obj
 0001:000031b0       ?str_rep@?A0xc8d640f7@@YGHPAUlua_State@@@Z 100041b0 f   luaglue.obj
 0001:000031c0       ?str_byte@?A0xc8d640f7@@YGHPAUlua_State@@@Z 100041c0 f   luaglue.obj
 0001:000031d0       ?str_char@?A0xc8d640f7@@YGHPAUlua_State@@@Z 100041d0 f   luaglue.obj
 0001:000031e0       ?writer@?A0xc8d640f7@@YGHPAUlua_State@@PBXIPAX@Z 100041e0 f   luaglue.obj
 0001:000031f0       ?str_dump@?A0xc8d640f7@@YGHPAUlua_State@@@Z 100041f0 f   luaglue.obj
 0001:00003200       ?check_capture@?A0xc8d640f7@@YGHPAUMatchState@@H@Z 10004200 f   luaglue.obj
 0001:00003210       ?capture_to_close@?A0xc8d640f7@@YGHPAUMatchState@@@Z 10004210 f   luaglue.obj
 0001:00003220       ?classend@?A0xc8d640f7@@YGPBDPAUMatchState@@PBD@Z 10004220 f   luaglue.obj
 0001:00003230       ?match_class@?A0xc8d640f7@@YGHHH@Z 10004230 f   luaglue.obj
 0001:00003240       ?matchbracketclass@?A0xc8d640f7@@YGHHPBD0@Z 10004240 f   luaglue.obj
 0001:00003250       ?singlematch@?A0xc8d640f7@@YGHHPBD0@Z 10004250 f   luaglue.obj
 0001:00003260       ?matchbalance@?A0xc8d640f7@@YGPBDPAUMatchState@@PBD1@Z 10004260 f   luaglue.obj
 0001:00003270       ?max_expand@?A0xc8d640f7@@YGPBDPAUMatchState@@PBD11@Z 10004270 f   luaglue.obj
 0001:00003280       ?min_expand@?A0xc8d640f7@@YGPBDPAUMatchState@@PBD11@Z 10004280 f   luaglue.obj
 0001:00003290       ?start_capture@?A0xc8d640f7@@YGPBDPAUMatchState@@PBD1H@Z 10004290 f   luaglue.obj
 0001:000032a0       ?end_capture@?A0xc8d640f7@@YGPBDPAUMatchState@@PBD1@Z 100042a0 f   luaglue.obj
 0001:000032b0       ?match_capture@?A0xc8d640f7@@YGPBDPAUMatchState@@PBDH@Z 100042b0 f   luaglue.obj
 0001:000032c0       ?match@?A0xc8d640f7@@YGPBDPAUMatchState@@PBD1@Z 100042c0 f   luaglue.obj
 0001:000032d0       ?lmemfind@?A0xc8d640f7@@YGPBDPBDI0I@Z 100042d0 f   luaglue.obj
 0001:000032e0       ?push_onecapture@?A0xc8d640f7@@YGXPAUMatchState@@HPBD1@Z 100042e0 f   luaglue.obj
 0001:000032f0       ?push_captures@?A0xc8d640f7@@YGHPAUMatchState@@PBD1@Z 100042f0 f   luaglue.obj
 0001:00003300       ?str_find_aux@?A0xc8d640f7@@YGHPAUlua_State@@H@Z 10004300 f   luaglue.obj
 0001:00003310       ?str_find@?A0xc8d640f7@@YGHPAUlua_State@@@Z 10004310 f   luaglue.obj
 0001:00003320       ?str_match@?A0xc8d640f7@@YGHPAUlua_State@@@Z 10004320 f   luaglue.obj
 0001:00003330       ?gmatch_aux@?A0xc8d640f7@@YGHPAUlua_State@@@Z 10004330 f   luaglue.obj
 0001:00003340       ?gmatch@?A0xc8d640f7@@YGHPAUlua_State@@@Z 10004340 f   luaglue.obj
 0001:00003350       ?gfind_nodef@?A0xc8d640f7@@YGHPAUlua_State@@@Z 10004350 f   luaglue.obj
 0001:00003360       ?add_s@?A0xc8d640f7@@YGXPAUMatchState@@PAUluaL_Buffer@@PBD2@Z 10004360 f   luaglue.obj
 0001:00003370       ?add_value@?A0xc8d640f7@@YGXPAUMatchState@@PAUluaL_Buffer@@PBD2@Z 10004370 f   luaglue.obj
 0001:00003380       ?str_gsub@?A0xc8d640f7@@YGHPAUlua_State@@@Z 10004380 f   luaglue.obj
 0001:00003390       ?addquoted@?A0xc8d640f7@@YGXPAUlua_State@@PAUluaL_Buffer@@H@Z 10004390 f   luaglue.obj
 0001:000033a0       ?scanformat@?A0xc8d640f7@@YGPBDPAUlua_State@@PBDPAD@Z 100043a0 f   luaglue.obj
 0001:000033b0       ?addintlen@?A0xc8d640f7@@YGXPAD@Z 100043b0 f   luaglue.obj
 0001:000033c0       ?str_format@?A0xc8d640f7@@YGHPAUlua_State@@@Z 100043c0 f   luaglue.obj
 0001:000033d0       ?createmetatable@?A0xc8d640f7@@YGXPAUlua_State@@@Z 100043d0 f   luaglue.obj
 0001:000033e0       ?luaopen_string@@YGHPAUlua_State@@@Z 100043e0 f   luaglue.obj
 0001:000033f0       ?hashnum@?A0xc8d640f7@@YGPAUNode@@PBUTable@@N@Z 100043f0 f   luaglue.obj
 0001:00003400       ?mainposition@?A0xc8d640f7@@YGPAUNode@@PBUTable@@PBUlua_TValue@@@Z 10004400 f   luaglue.obj
 0001:00003410       ?findindex@?A0xc8d640f7@@YGHPAUlua_State@@PAUTable@@PAUlua_TValue@@@Z 10004410 f   luaglue.obj
 0001:00003420       ?luaH_next@@YGHPAUlua_State@@PAUTable@@PAUlua_TValue@@@Z 10004420 f   luaglue.obj
 0001:00003430       ?computesizes@?A0xc8d640f7@@YGHQAHPAH@Z 10004430 f   luaglue.obj
 0001:00003440       ?countint@?A0xc8d640f7@@YGHPBUlua_TValue@@PAH@Z 10004440 f   luaglue.obj
 0001:00003450       ?numusearray@?A0xc8d640f7@@YGHPBUTable@@PAH@Z 10004450 f   luaglue.obj
 0001:00003460       ?numusehash@?A0xc8d640f7@@YGHPBUTable@@PAH1@Z 10004460 f   luaglue.obj
 0001:00003470       ?setarrayvector@?A0xc8d640f7@@YGXPAUlua_State@@PAUTable@@H@Z 10004470 f   luaglue.obj
 0001:00003480       ?setnodevector@?A0xc8d640f7@@YGXPAUlua_State@@PAUTable@@H@Z 10004480 f   luaglue.obj
 0001:00003490       ?resize@?A0xc8d640f7@@YGXPAUlua_State@@PAUTable@@HH@Z 10004490 f   luaglue.obj
 0001:000034a0       ?luaH_resizearray@@YGXPAUlua_State@@PAUTable@@H@Z 100044a0 f   luaglue.obj
 0001:000034b0       ?rehash@?A0xc8d640f7@@YGXPAUlua_State@@PAUTable@@PBUlua_TValue@@@Z 100044b0 f   luaglue.obj
 0001:000034c0       ?luaH_new@@YGPAUTable@@PAUlua_State@@HH@Z 100044c0 f   luaglue.obj
 0001:000034d0       ?luaH_free@@YGXPAUlua_State@@PAUTable@@@Z 100044d0 f   luaglue.obj
 0001:000034e0       ?getfreepos@?A0xc8d640f7@@YGPAUNode@@PAUTable@@@Z 100044e0 f   luaglue.obj
 0001:000034f0       ?newkey@?A0xc8d640f7@@YGPAUlua_TValue@@PAUlua_State@@PAUTable@@PBU2@@Z 100044f0 f   luaglue.obj
 0001:00003500       ?luaH_getnum@@YGPBUlua_TValue@@PAUTable@@H@Z 10004500 f   luaglue.obj
 0001:00003510       ?luaH_getstr@@YGPBUlua_TValue@@PAUTable@@PATTString@@@Z 10004510 f   luaglue.obj
 0001:00003520       ?luaH_set@@YGPAUlua_TValue@@PAUlua_State@@PAUTable@@PBU1@@Z 10004520 f   luaglue.obj
 0001:00003530       ?luaH_setnum@@YGPAUlua_TValue@@PAUlua_State@@PAUTable@@H@Z 10004530 f   luaglue.obj
 0001:00003540       ?luaH_setstr@@YGPAUlua_TValue@@PAUlua_State@@PAUTable@@PATTString@@@Z 10004540 f   luaglue.obj
 0001:00003550       ?unbound_search@?A0xc8d640f7@@YGHPAUTable@@I@Z 10004550 f   luaglue.obj
 0001:00003560       ?luaH_getn@@YGHPAUTable@@@Z 10004560 f   luaglue.obj
 0001:00003570       ?foreachi@?A0xc8d640f7@@YGHPAUlua_State@@@Z 10004570 f   luaglue.obj
 0001:00003580       ?foreach@?A0xc8d640f7@@YGHPAUlua_State@@@Z 10004580 f   luaglue.obj
 0001:00003590       ?maxn@?A0xc8d640f7@@YGHPAUlua_State@@@Z 10004590 f   luaglue.obj
 0001:000035a0       ?getn@?A0xc8d640f7@@YGHPAUlua_State@@@Z 100045a0 f   luaglue.obj
 0001:000035b0       ?setn@?A0xc8d640f7@@YGHPAUlua_State@@@Z 100045b0 f   luaglue.obj
 0001:000035c0       ?tinsert@?A0xc8d640f7@@YGHPAUlua_State@@@Z 100045c0 f   luaglue.obj
 0001:000035d0       ?tremove@?A0xc8d640f7@@YGHPAUlua_State@@@Z 100045d0 f   luaglue.obj
 0001:000035e0       ?tconcat@?A0xc8d640f7@@YGHPAUlua_State@@@Z 100045e0 f   luaglue.obj
 0001:000035f0       ?set2@?A0xc8d640f7@@YGXPAUlua_State@@HH@Z 100045f0 f   luaglue.obj
 0001:00003600       ?sort_comp@?A0xc8d640f7@@YGHPAUlua_State@@HH@Z 10004600 f   luaglue.obj
 0001:00003610       ?auxsort@?A0xc8d640f7@@YGXPAUlua_State@@HH@Z 10004610 f   luaglue.obj
 0001:00003620       ?sort@?A0xc8d640f7@@YGHPAUlua_State@@@Z 10004620 f   luaglue.obj
 0001:00003630       ?luaopen_table@@YGHPAUlua_State@@@Z 10004630 f   luaglue.obj
 0001:00003640       ?luaT_init@@YGXPAUlua_State@@@Z 10004640 f   luaglue.obj
 0001:00003650       ?luaT_gettm@@YGPBUlua_TValue@@PAUTable@@W4TMS@@PATTString@@@Z 10004650 f   luaglue.obj
 0001:00003660       ?luaT_gettmbyobj@@YGPBUlua_TValue@@PAUlua_State@@PBU1@W4TMS@@@Z 10004660 f   luaglue.obj
 0001:00003670       ?lstop@?A0xc8d640f7@@YGXPAUlua_State@@PAUlua_Debug@@@Z 10004670 f   luaglue.obj
 0001:00003680       ?laction@?A0xc8d640f7@@YGXH@Z 10004680 f   luaglue.obj
 0001:00003690       ?print_usage@?A0xc8d640f7@@YGXXZ 10004690 f   luaglue.obj
 0001:000036a0       ?l_message@?A0xc8d640f7@@YGXPBD0@Z 100046a0 f   luaglue.obj
 0001:000036b0       ?report@?A0xc8d640f7@@YGHPAUlua_State@@H@Z 100046b0 f   luaglue.obj
 0001:000036c0       ?traceback@?A0xc8d640f7@@YGHPAUlua_State@@@Z 100046c0 f   luaglue.obj
 0001:000036d0       ?docall@?A0xc8d640f7@@YGHPAUlua_State@@HH@Z 100046d0 f   luaglue.obj
 0001:000036e0       ?print_version@?A0xc8d640f7@@YGXXZ 100046e0 f   luaglue.obj
 0001:000036f0       ?getargs@?A0xc8d640f7@@YGHPAUlua_State@@PAPADH@Z 100046f0 f   luaglue.obj
 0001:00003700       ?dofile@?A0xc8d640f7@@YGHPAUlua_State@@PBD@Z 10004700 f   luaglue.obj
 0001:00003710       ?dostring@?A0xc8d640f7@@YGHPAUlua_State@@PBD1@Z 10004710 f   luaglue.obj
 0001:00003720       ?dolibrary@?A0xc8d640f7@@YGHPAUlua_State@@PBD@Z 10004720 f   luaglue.obj
 0001:00003730       ?get_prompt@?A0xc8d640f7@@YGPBDPAUlua_State@@H@Z 10004730 f   luaglue.obj
 0001:00003740       ?incomplete@?A0xc8d640f7@@YGHPAUlua_State@@H@Z 10004740 f   luaglue.obj
 0001:00003750       ?pushline@?A0xc8d640f7@@YGHPAUlua_State@@H@Z 10004750 f   luaglue.obj
 0001:00003760       ?loadline@?A0xc8d640f7@@YGHPAUlua_State@@@Z 10004760 f   luaglue.obj
 0001:00003770       ?dotty@?A0xc8d640f7@@YGXPAUlua_State@@@Z 10004770 f   luaglue.obj
 0001:00003780       ?handle_script@?A0xc8d640f7@@YGHPAUlua_State@@PAPADH@Z 10004780 f   luaglue.obj
 0001:00003790       ?collectargs@?A0xc8d640f7@@YGHPAPADPAH11@Z 10004790 f   luaglue.obj
 0001:000037a0       ?runargs@?A0xc8d640f7@@YGHPAUlua_State@@PAPADH@Z 100047a0 f   luaglue.obj
 0001:000037b0       ?handle_luainit@?A0xc8d640f7@@YGHPAUlua_State@@@Z 100047b0 f   luaglue.obj
 0001:000037c0       ?pmain@?A0xc8d640f7@@YGHPAUlua_State@@@Z 100047c0 f   luaglue.obj
 0001:000037d0       _main                      100047d0 f   luaglue.obj
 0001:000037e0       ?error@?A0xc8d640f7@@YGXPAULoadState@@PBD@Z 100047e0 f   luaglue.obj
 0001:000037f0       ?LoadBlock@?A0xc8d640f7@@YGXPAULoadState@@PAXI@Z 100047f0 f   luaglue.obj
 0001:00003800       ?LoadChar@?A0xc8d640f7@@YGHPAULoadState@@@Z 10004800 f   luaglue.obj
 0001:00003810       ?LoadInt@?A0xc8d640f7@@YGHPAULoadState@@@Z 10004810 f   luaglue.obj
 0001:00003820       ?LoadNumber@?A0xc8d640f7@@YGNPAULoadState@@@Z 10004820 f   luaglue.obj
 0001:00003830       ?LoadStringW@?A0xc8d640f7@@YGPATTString@@PAULoadState@@@Z 10004830 f   luaglue.obj
 0001:00003840       ?LoadCode@?A0xc8d640f7@@YGXPAULoadState@@PAUProto@@@Z 10004840 f   luaglue.obj
 0001:00003850       ?LoadConstants@?A0xc8d640f7@@YGXPAULoadState@@PAUProto@@@Z 10004850 f   luaglue.obj
 0001:00003860       ?LoadDebug@?A0xc8d640f7@@YGXPAULoadState@@PAUProto@@@Z 10004860 f   luaglue.obj
 0001:00003870       ?LoadFunction@?A0xc8d640f7@@YGPAUProto@@PAULoadState@@PATTString@@@Z 10004870 f   luaglue.obj
 0001:00003880       ?LoadHeader@?A0xc8d640f7@@YGXPAULoadState@@@Z 10004880 f   luaglue.obj
 0001:00003890       ?luaU_undump@@YGPAUProto@@PAUlua_State@@PAUZio@@PAUMbuffer@@PBD@Z 10004890 f   luaglue.obj
 0001:000038a0       ?luaU_header@@YGXPAD@Z     100048a0 f   luaglue.obj
 0001:000038b0       ?luaV_tonumber@@YGPBUlua_TValue@@PBU1@PAU1@@Z 100048b0 f   luaglue.obj
 0001:000038c0       ?luaV_tostring@@YGHPAUlua_State@@PAUlua_TValue@@@Z 100048c0 f   luaglue.obj
 0001:000038d0       ?traceexec@?A0xc8d640f7@@YGXPAUlua_State@@PBI@Z 100048d0 f   luaglue.obj
 0001:000038e0       ?callTMres@?A0xc8d640f7@@YGXPAUlua_State@@PAUlua_TValue@@PBU3@22@Z 100048e0 f   luaglue.obj
 0001:000038f0       ?callTM@?A0xc8d640f7@@YGXPAUlua_State@@PBUlua_TValue@@111@Z 100048f0 f   luaglue.obj
 0001:00003900       ?luaV_gettable@@YGXPAUlua_State@@PBUlua_TValue@@PAU2@2@Z 10004900 f   luaglue.obj
 0001:00003910       ?luaV_settable@@YGXPAUlua_State@@PBUlua_TValue@@PAU2@2@Z 10004910 f   luaglue.obj
 0001:00003920       ?call_binTM@?A0xc8d640f7@@YGHPAUlua_State@@PBUlua_TValue@@1PAU3@W4TMS@@@Z 10004920 f   luaglue.obj
 0001:00003930       ?get_compTM@?A0xc8d640f7@@YGPBUlua_TValue@@PAUlua_State@@PAUTable@@1W4TMS@@@Z 10004930 f   luaglue.obj
 0001:00003940       ?call_orderTM@?A0xc8d640f7@@YGHPAUlua_State@@PBUlua_TValue@@1W4TMS@@@Z 10004940 f   luaglue.obj
 0001:00003950       ?l_strcmp@?A0xc8d640f7@@YGHPBTTString@@0@Z 10004950 f   luaglue.obj
 0001:00003960       ?luaV_lessthan@@YGHPAUlua_State@@PBUlua_TValue@@1@Z 10004960 f   luaglue.obj
 0001:00003970       ?lessequal@?A0xc8d640f7@@YGHPAUlua_State@@PBUlua_TValue@@1@Z 10004970 f   luaglue.obj
 0001:00003980       ?luaV_equalval@@YGHPAUlua_State@@PBUlua_TValue@@1@Z 10004980 f   luaglue.obj
 0001:00003990       ?luaV_concat@@YGXPAUlua_State@@HH@Z 10004990 f   luaglue.obj
 0001:000039a0       ?Arith@?A0xc8d640f7@@YGXPAUlua_State@@PAUlua_TValue@@PBU3@2W4TMS@@@Z 100049a0 f   luaglue.obj
 0001:000039b0       ?luaV_execute@@YGXPAUlua_State@@H@Z 100049b0 f   luaglue.obj
 0001:000039c0       ?luaZ_fill@@YGHPAUZio@@@Z  100049c0 f   luaglue.obj
 0001:000039d0       ?luaZ_lookahead@@YGHPAUZio@@@Z 100049d0 f   luaglue.obj
 0001:000039e0       ?luaZ_init@@YGXPAUlua_State@@PAUZio@@P6GPBD0PAXPAI@Z2@Z 100049e0 f   luaglue.obj
 0001:000039f0       ?luaZ_read@@YGIPAUZio@@PAXI@Z 100049f0 f   luaglue.obj
 0001:00003a00       ?luaZ_openspace@@YGPADPAUlua_State@@PAUMbuffer@@I@Z 10004a00 f   luaglue.obj
 0001:00003a06       ??0type_info@@AAE@ABV0@@Z  10004a06 f   MSVCRT:ti_inst.obj
 0001:00003a11       ??_Etype_info@@UAEPAXI@Z   10004a11 f i MSVCRT:ti_inst.obj
 0001:00003a5d       ??4type_info@@AAEAAV0@ABV0@@Z 10004a5d f   MSVCRT:ti_inst.obj
 0001:00003a62       _NtCurrentTeb              10004a62 f i MSVCRT:crtdll.obj
 0001:00003ab8       __CRT_INIT@12              10004ab8 f   MSVCRT:crtdll.obj
 0001:00003df4       __DllMainCRTStartup@12     10004df4 f   MSVCRT:crtdll.obj
 0001:00003e18       ??3@YAXPAX@Z               10004e18 f   MSVCRT:MSVCR90.dll
 0001:00003e30       ?__ArrayUnwind@@YGXPAXIHP6EX0@Z@Z 10004e30 f   MSVCRT:ehvecdtr.obj
 0001:00003e8e       ??_M@YGXPAXIHP6EX0@Z@Z     10004e8e f   MSVCRT:ehvecdtr.obj
 0001:00003ef1       ___clean_type_info_names   10004ef1 f   MSVCRT:tncleanup.obj
[...]
 0003:00000a2c       __mep@?g_iofile@?A0xc8d640f7@@$$FYGHPAUlua_State@@HPBD@Z 10047a2c     luaglue.obj
 0003:00000a30       __mep@?io_close@?A0xc8d640f7@@$$FYGHPAUlua_State@@@Z 10047a30     luaglue.obj
 0003:00000a34       __mep@?lua_resume@@$$FYGHPAUlua_State@@H@Z 10047a34     luaglue.obj
 0003:00000a38       __mep@?db_gethook@?A0xc8d640f7@@$$FYGHPAUlua_State@@@Z 10047a38     luaglue.obj
 0003:00000a3c       __mep@?auxupvalue@?A0xc8d640f7@@$$FYGHPAUlua_State@@H@Z 10047a3c     luaglue.obj
 0003:00000a40       __mep@?db_setlocal@?A0xc8d640f7@@$$FYGHPAUlua_State@@@Z 10047a40     luaglue.obj
 0003:00000a44       __mep@?db_getlocal@?A0xc8d640f7@@$$FYGHPAUlua_State@@@Z 10047a44     luaglue.obj
 0003:00000a48       __mep@?db_setfenv@?A0xc8d640f7@@$$FYGHPAUlua_State@@@Z 10047a48     luaglue.obj
 0003:00000a4c       __mep@?codenot@?A0xc8d640f7@@$$FYGXPAUFuncState@@PAUexpdesc@@@Z 10047a4c     luaglue.obj
 0003:00000a50       __mep@?jumponcond@?A0xc8d640f7@@$$FYGHPAUFuncState@@PAUexpdesc@@H@Z 10047a50     luaglue.obj
 0003:00000a54       __mep@?luaK_exp2nextreg@@$$FYGXPAUFuncState@@PAUexpdesc@@@Z 10047a54     luaglue.obj
 0003:00000a58       __mep@?auxresume@?A0xc8d640f7@@$$FYGHPAUlua_State@@0H@Z 10047a58     luaglue.obj
 0003:00000a5c       __mep@?luaB_select@?A0xc8d640f7@@$$FYGHPAUlua_State@@@Z 10047a5c     luaglue.obj
 0003:00000a60       __mep@?luaB_ipairs@?A0xc8d640f7@@$$FYGHPAUlua_State@@@Z 10047a60     luaglue.obj
 0003:00000a64       __mep@?ipairsaux@?A0xc8d640f7@@$$FYGHPAUlua_State@@@Z 10047a64     luaglue.obj
 0003:00000a68       __mep@?luaB_pairs@?A0xc8d640f7@@$$FYGHPAUlua_State@@@Z 10047a68     luaglue.obj
 0003:00000a6c       __mep@?luaB_next@?A0xc8d640f7@@$$FYGHPAUlua_State@@@Z 10047a6c     luaglue.obj
 0003:00000a70       __mep@?luaB_rawset@?A0xc8d640f7@@$$FYGHPAUlua_State@@@Z 10047a70     luaglue.obj
 0003:00000a74       __mep@?luaB_rawget@?A0xc8d640f7@@$$FYGHPAUlua_State@@@Z 10047a74     luaglue.obj
 0003:00000a78       __mep@?luaB_setmetatable@?A0xc8d640f7@@$$FYGHPAUlua_State@@@Z 10047a78     luaglue.obj
 0003:00000a7c       __mep@?luaB_getmetatable@?A0xc8d640f7@@$$FYGHPAUlua_State@@@Z 10047a7c     luaglue.obj
 0003:00000a80       __mep@?luaL_addlstring@@$$FYGXPAUluaL_Buffer@@PBDI@Z 10047a80     luaglue.obj
 0003:00000a84       __mep@?luaL_callmeta@@$$FYGHPAUlua_State@@HPBD@Z 10047a84     luaglue.obj
 0003:00000a88       __mep@?luaL_optinteger@@$$FYGHPAUlua_State@@HH@Z 10047a88     luaglue.obj
 0003:00000a8c       __mep@?luaL_optnumber@@$$FYGNPAUlua_State@@HN@Z 10047a8c     luaglue.obj
 0003:00000a90       __mep@?luaL_optlstring@@$$FYGPBDPAUlua_State@@HPBDPAI@Z 10047a90     luaglue.obj
 0003:00000a94       __mep@?luaL_checkoption@@$$FYGHPAUlua_State@@HPBDQBQBD@Z 10047a94     luaglue.obj
 0003:00000a98       __mep@?tconcat@?A0xc8d640f7@@$$FYGHPAUlua_State@@@Z 10047a98     luaglue.obj
 0003:00000a9c       __mep@?tremove@?A0xc8d640f7@@$$FYGHPAUlua_State@@@Z 10047a9c     luaglue.obj
 0003:00000aa0       __mep@?addquoted@?A0xc8d640f7@@$$FYGXPAUlua_State@@PAUluaL_Buffer@@H@Z 10047aa0     luaglue.obj
 0003:00000aa4       __mep@?add_s@?A0xc8d640f7@@$$FYGXPAUMatchState@@PAUluaL_Buffer@@PBD2@Z 10047aa4     luaglue.obj
 0003:00000aa8       __mep@?gmatch@?A0xc8d640f7@@$$FYGHPAUlua_State@@@Z 10047aa8     luaglue.obj
 0003:00000aac       __mep@?str_find_aux@?A0xc8d640f7@@$$FYGHPAUlua_State@@H@Z 10047aac     luaglue.obj
 0003:00000ab0       __mep@?writer@?A0xc8d640f7@@$$FYGHPAUlua_State@@PBXIPAX@Z 10047ab0     luaglue.obj
 0003:00000ab4       __mep@?str_byte@?A0xc8d640f7@@$$FYGHPAUlua_State@@@Z 10047ab4     luaglue.obj
 0003:00000ab8       __mep@?str_rep@?A0xc8d640f7@@$$FYGHPAUlua_State@@@Z 10047ab8     luaglue.obj
 0003:00000abc       __mep@?str_sub@?A0xc8d640f7@@$$FYGHPAUlua_State@@@Z 10047abc     luaglue.obj
 0003:00000ac0       __mep@?prefixexp@?A0xc8d640f7@@$$FYGXPAULexState@@PAUexpdesc@@@Z 10047ac0     luaglue.obj
 0003:00000ac4       __mep@?explist1@?A0xc8d640f7@@$$FYGHPAULexState@@PAUexpdesc@@@Z 10047ac4     luaglue.obj
 0003:00000ac8       __mep@?body@?A0xc8d640f7@@$$FYGXPAULexState@@PAUexpdesc@@HH@Z 10047ac8     luaglue.obj
 0003:00000acc       __mep@?lastlistfield@?A0xc8d640f7@@$$FYGXPAUFuncState@@PAUConsControl@@@Z 10047acc     luaglue.obj
 0003:00000ad0       __mep@?closelistfield@?A0xc8d640f7@@$$FYGXPAUFuncState@@PAUConsControl@@@Z 10047ad0     luaglue.obj
 0003:00000ad4       __mep@?adjust_assign@?A0xc8d640f7@@$$FYGXPAULexState@@HHPAUexpdesc@@@Z 10047ad4     luaglue.obj
 0003:00000ad8       __mep@?os_exit@?A0xc8d640f7@@$$FYGHPAUlua_State@@@Z 10047ad8     luaglue.obj
 0003:00000adc       __mep@?os_setlocale@?A0xc8d640f7@@$$FYGHPAUlua_State@@@Z 10047adc     luaglue.obj
 0003:00000ae0       __mep@?os_difftime@?A0xc8d640f7@@$$FYGHPAUlua_State@@@Z 10047ae0     luaglue.obj
 0003:00000ae4       __mep@?os_date@?A0xc8d640f7@@$$FYGHPAUlua_State@@@Z 10047ae4     luaglue.obj
 0003:00000ae8       __mep@?os_execute@?A0xc8d640f7@@$$FYGHPAUlua_State@@@Z 10047ae8     luaglue.obj
 0003:00000aec       __mep@?ll_loadfunc@?A0xc8d640f7@@$$FYGHPAUlua_State@@PBD1@Z 10047aec     luaglue.obj
 0003:00000af0       __mep@?f_setvbuf@?A0xc8d640f7@@$$FYGHPAUlua_State@@@Z 10047af0     luaglue.obj
 0003:00000af4       __mep@?f_seek@?A0xc8d640f7@@$$FYGHPAUlua_State@@@Z 10047af4     luaglue.obj
 0003:00000af8       __mep@?f_write@?A0xc8d640f7@@$$FYGHPAUlua_State@@@Z 10047af8     luaglue.obj
 0003:00000afc       __mep@?io_write@?A0xc8d640f7@@$$FYGHPAUlua_State@@@Z 10047afc     luaglue.obj
 0003:00000b00       __mep@?io_readline@?A0xc8d640f7@@$$FYGHPAUlua_State@@@Z 10047b00     luaglue.obj
 0003:00000b04       __mep@?g_read@?A0xc8d640f7@@$$FYGHPAUlua_State@@PAU_iobuf@@H@Z 10047b04     luaglue.obj
 0003:00000b08       __mep@?aux_lines@?A0xc8d640f7@@$$FYGXPAUlua_State@@HH@Z 10047b08     luaglue.obj
 0003:00000b0c       __mep@?io_output@?A0xc8d640f7@@$$FYGHPAUlua_State@@@Z 10047b0c     luaglue.obj
 0003:00000b10       __mep@?io_input@?A0xc8d640f7@@$$FYGHPAUlua_State@@@Z 10047b10     luaglue.obj
 0003:00000b14       __mep@?io_popen@?A0xc8d640f7@@$$FYGHPAUlua_State@@@Z 10047b14     luaglue.obj
 0003:00000b18       __mep@?io_open@?A0xc8d640f7@@$$FYGHPAUlua_State@@@Z 10047b18     luaglue.obj
 0003:00000b1c       __mep@?db_sethook@?A0xc8d640f7@@$$FYGHPAUlua_State@@@Z 10047b1c     luaglue.obj
 0003:00000b20       __mep@?db_setupvalue@?A0xc8d640f7@@$$FYGHPAUlua_State@@@Z 10047b20     luaglue.obj
 0003:00000b24       __mep@?db_getupvalue@?A0xc8d640f7@@$$FYGHPAUlua_State@@@Z 10047b24     luaglue.obj
 0003:00000b28       __mep@?db_getinfo@?A0xc8d640f7@@$$FYGHPAUlua_State@@@Z 10047b28     luaglue.obj
 0003:00000b2c       __mep@?luaK_goiffalse@?A0xc8d640f7@@$$FYGXPAUFuncState@@PAUexpdesc@@@Z 10047b2c     luaglue.obj
 0003:00000b30       __mep@?luaK_goiftrue@@$$FYGXPAUFuncState@@PAUexpdesc@@@Z 10047b30     luaglue.obj
 0003:00000b34       __mep@?luaK_exp2anyreg@@$$FYGHPAUFuncState@@PAUexpdesc@@@Z 10047b34     luaglue.obj
 0003:00000b38       __mep@?base_open@?A0xc8d640f7@@$$FYGXPAUlua_State@@@Z 10047b38     luaglue.obj
 0003:00000b3c       __mep@?luaB_auxwrap@?A0xc8d640f7@@$$FYGHPAUlua_State@@@Z 10047b3c     luaglue.obj
 0003:00000b40       __mep@?luaB_coresume@?A0xc8d640f7@@$$FYGHPAUlua_State@@@Z 10047b40     luaglue.obj
 0003:00000b44       __mep@?luaB_tostring@?A0xc8d640f7@@$$FYGHPAUlua_State@@@Z 10047b44     luaglue.obj
 0003:00000b48       __mep@?luaB_unpack@?A0xc8d640f7@@$$FYGHPAUlua_State@@@Z 10047b48     luaglue.obj
 0003:00000b4c       __mep@?luaB_assert@?A0xc8d640f7@@$$FYGHPAUlua_State@@@Z 10047b4c     luaglue.obj
 0003:00000b50       __mep@?luaB_collectgarbage@?A0xc8d640f7@@$$FYGHPAUlua_State@@@Z 10047b50     luaglue.obj
 0003:00000b54       __mep@?getfunc@?A0xc8d640f7@@$$FYGXPAUlua_State@@H@Z 10047b54     luaglue.obj
 0003:00000b58       __mep@?luaB_error@?A0xc8d640f7@@$$FYGHPAUlua_State@@@Z 10047b58     luaglue.obj
 0003:00000b5c       __mep@?luaB_tonumber@?A0xc8d640f7@@$$FYGHPAUlua_State@@@Z 10047b5c     luaglue.obj
 0003:00000b60       __mep@?luaL_addstring@@$$FYGXPAUluaL_Buffer@@PBD@Z 10047b60     luaglue.obj
 0003:00000b64       __mep@?luaL_gsub@@$$FYGPBDPAUlua_State@@PBD11@Z 10047b64     luaglue.obj
 0003:00000b68       __mep@?str_format@?A0xc8d640f7@@$$FYGHPAUlua_State@@@Z 10047b68     luaglue.obj
 0003:00000b6c       __mep@?add_value@?A0xc8d640f7@@$$FYGXPAUMatchState@@PAUluaL_Buffer@@PBD2@Z 10047b6c     luaglue.obj
 0003:00000b70       __mep@?str_match@?A0xc8d640f7@@$$FYGHPAUlua_State@@@Z 10047b70     luaglue.obj
 0003:00000b74       __mep@?str_find@?A0xc8d640f7@@$$FYGHPAUlua_State@@@Z 10047b74     luaglue.obj
 0003:00000b78       __mep@?str_dump@?A0xc8d640f7@@$$FYGHPAUlua_State@@@Z 10047b78     luaglue.obj
 0003:00000b7c       __mep@?retstat@?A0xc8d640f7@@$$FYGXPAULexState@@@Z 10047b7c     luaglue.obj
 0003:00000b80       __mep@?localstat@?A0xc8d640f7@@$$FYGXPAULexState@@@Z 10047b80     luaglue.obj
 0003:00000b84       __mep@?forlist@?A0xc8d640f7@@$$FYGXPAULexState@@PATTString@@@Z 10047b84     luaglue.obj
 0003:00000b88       __mep@?mkfuncname@?A0xc8d640f7@@$$FYGPBDPAUlua_State@@PBD@Z 10047b88     luaglue.obj
 0003:00000b8c       __mep@?findfile@?A0xc8d640f7@@$$FYGPBDPAUlua_State@@PBD1@Z 10047b8c     luaglue.obj
 0003:00000b90       __mep@?ll_loadlib@?A0xc8d640f7@@$$FYGHPAUlua_State@@@Z 10047b90     luaglue.obj
 0003:00000b94       __mep@?setprogdir@?A0xc8d640f7@@$$FYGXPAUlua_State@@@Z 10047b94     luaglue.obj
 0003:00000b98       __mep@?f_read@?A0xc8d640f7@@$$FYGHPAUlua_State@@@Z 10047b98     luaglue.obj
 0003:00000b9c       __mep@?io_read@?A0xc8d640f7@@$$FYGHPAUlua_State@@@Z 10047b9c     luaglue.obj
 0003:00000ba0       __mep@?f_lines@?A0xc8d640f7@@$$FYGHPAUlua_State@@@Z 10047ba0     luaglue.obj
 0003:00000ba4       __mep@?luaK_exp2val@@$$FYGXPAUFuncState@@PAUexpdesc@@@Z 10047ba4     luaglue.obj
 0003:00000ba8       __mep@?luaopen_base@@$$FYGHPAUlua_State@@@Z 10047ba8     luaglue.obj
 0003:00000bac       __mep@?luaB_cowrap@?A0xc8d640f7@@$$FYGHPAUlua_State@@@Z 10047bac     luaglue.obj
 0003:00000bb0       __mep@?luaB_setfenv@?A0xc8d640f7@@$$FYGHPAUlua_State@@@Z 10047bb0     luaglue.obj
 0003:00000bb4       __mep@?luaB_getfenv@?A0xc8d640f7@@$$FYGHPAUlua_State@@@Z 10047bb4     luaglue.obj
 0003:00000bb8       __mep@?str_gsub@?A0xc8d640f7@@$$FYGHPAUlua_State@@@Z 10047bb8     luaglue.obj
 0003:00000bbc       __mep@?yindex@?A0xc8d640f7@@$$FYGXPAULexState@@PAUexpdesc@@@Z 10047bbc     luaglue.obj
 0003:00000bc0       __mep@?setpath@?A0xc8d640f7@@$$FYGXPAUlua_State@@PBD11@Z 10047bc0     luaglue.obj
 0003:00000bc4       __mep@?loader_Croot@?A0xc8d640f7@@$$FYGHPAUlua_State@@@Z 10047bc4     luaglue.obj
 0003:00000bc8       __mep@?loader_C@?A0xc8d640f7@@$$FYGHPAUlua_State@@@Z 10047bc8     luaglue.obj
 0003:00000bcc       __mep@?io_lines@?A0xc8d640f7@@$$FYGHPAUlua_State@@@Z 10047bcc     luaglue.obj
 0003:00000bd0       __mep@?luaK_exp2RK@@$$FYGHPAUFuncState@@PAUexpdesc@@@Z 10047bd0     luaglue.obj
 0003:00000bd4       __mep@?recfield@?A0xc8d640f7@@$$FYGXPAULexState@@PAUConsControl@@@Z 10047bd4     luaglue.obj
 0003:00000bd8       __mep@?luaopen_package@@$$FYGHPAUlua_State@@@Z 10047bd8     luaglue.obj
 0003:00000bdc       __mep@?luaK_infix@@$$FYGXPAUFuncState@@W4BinOpr@@PAUexpdesc@@@Z 10047bdc     luaglue.obj
 0003:00000be0       __mep@?codecomp@?A0xc8d640f7@@$$FYGXPAUFuncState@@W4OpCode@@HPAUexpdesc@@2@Z 10047be0     luaglue.obj
 0003:00000be4       __mep@?codearith@?A0xc8d640f7@@$$FYGXPAUFuncState@@W4OpCode@@PAUexpdesc@@2@Z 10047be4     luaglue.obj
 0003:00000be8       __mep@?luaK_indexed@@$$FYGXPAUFuncState@@PAUexpdesc@@1@Z 10047be8     luaglue.obj
 0003:00000bec       __mep@?luaK_self@@$$FYGXPAUFuncState@@PAUexpdesc@@1@Z 10047bec     luaglue.obj
 0003:00000bf0       __mep@?luaK_storevar@@$$FYGXPAUFuncState@@PAUexpdesc@@1@Z 10047bf0     luaglue.obj
 0003:00000bf4       __mep@?localfunc@?A0xc8d640f7@@$$FYGXPAULexState@@@Z 10047bf4     luaglue.obj
 0003:00000bf8       __mep@?constructor@?A0xc8d640f7@@$$FYGXPAULexState@@PAUexpdesc@@@Z 10047bf8     luaglue.obj
 0003:00000bfc       __mep@?field@?A0xc8d640f7@@$$FYGXPAULexState@@PAUexpdesc@@@Z 10047bfc     luaglue.obj
 0003:00000c00       __mep@?luaK_posfix@@$$FYGXPAUFuncState@@W4BinOpr@@PAUexpdesc@@2@Z 10047c00     luaglue.obj
 0003:00000c04       __mep@?luaK_prefix@@$$FYGXPAUFuncState@@W4UnOpr@@PAUexpdesc@@@Z 10047c04     luaglue.obj
 0003:00000c08       __mep@?funcname@?A0xc8d640f7@@$$FYGHPAULexState@@PAUexpdesc@@@Z 10047c08     luaglue.obj
 0003:00000c0c       __mep@?funcargs@?A0xc8d640f7@@$$FYGXPAULexState@@PAUexpdesc@@@Z 10047c0c     luaglue.obj
 0003:00000c10       __mep@?funcstat@?A0xc8d640f7@@$$FYGXPAULexState@@H@Z 10047c10     luaglue.obj
 0003:00000c14       __mep@?primaryexp@?A0xc8d640f7@@$$FYGXPAULexState@@PAUexpdesc@@@Z 10047c14     luaglue.obj
 0003:00000c18       __mep@?assignment@?A0xc8d640f7@@$$FYGXPAULexState@@PAULHS_assign@@H@Z 10047c18     luaglue.obj
 0003:00000c1c       __mep@?simpleexp@?A0xc8d640f7@@$$FYGXPAULexState@@PAUexpdesc@@@Z 10047c1c     luaglue.obj
 0003:00000c20       __mep@?exprstat@?A0xc8d640f7@@$$FYGXPAULexState@@@Z 10047c20     luaglue.obj
 0003:00000c24       __mep@?subexpr@?A0xc8d640f7@@$$FYG?AW4BinOpr@@PAULexState@@PAUexpdesc@@I@Z 10047c24     luaglue.obj
 0003:00000c28       __mep@?expr@?A0xc8d640f7@@$$FYGXPAULexState@@PAUexpdesc@@@Z 10047c28     luaglue.obj
 0003:00000c2c       __mep@?exp1@?A0xc8d640f7@@$$FYGHPAULexState@@@Z 10047c2c     luaglue.obj
 0003:00000c30       __mep@?cond@?A0xc8d640f7@@$$FYGHPAULexState@@@Z 10047c30     luaglue.obj
 0003:00000c34       __mep@?test_then_block@?A0xc8d640f7@@$$FYGHPAULexState@@@Z 10047c34     luaglue.obj
 0003:00000c38       __mep@?fornum@?A0xc8d640f7@@$$FYGXPAULexState@@PATTString@@H@Z 10047c38     luaglue.obj
 0003:00000c3c       __mep@?repeatstat@?A0xc8d640f7@@$$FYGXPAULexState@@H@Z 10047c3c     luaglue.obj
 0003:00000c40       __mep@?whilestat@?A0xc8d640f7@@$$FYGXPAULexState@@H@Z 10047c40     luaglue.obj
 0003:00000c44       __mep@?ifstat@?A0xc8d640f7@@$$FYGXPAULexState@@H@Z 10047c44     luaglue.obj
 0003:00000c48       __mep@?forstat@?A0xc8d640f7@@$$FYGXPAULexState@@H@Z 10047c48     luaglue.obj
 0003:00000c4c       __mep@?statement@?A0xc8d640f7@@$$FYGHPAULexState@@@Z 10047c4c     luaglue.obj
 0003:00000c50       __mep@?chunk@?A0xc8d640f7@@$$FYGXPAULexState@@@Z 10047c50     luaglue.obj
 0003:00000c54       __mep@?luaY_parser@@$$FYGPAUProto@@PAUlua_State@@PAUZio@@PAUMbuffer@@PBD@Z 10047c54     luaglue.obj
 0003:00000c58       __mep@?f_parser@?A0xc8d640f7@@$$FYGXPAUlua_State@@PAX@Z 10047c58     luaglue.obj
 0003:00000c5c       __mep@?luaD_protectedparser@@$$FYGHPAUlua_State@@PAUZio@@PBD@Z 10047c5c     luaglue.obj
 0003:00000c60       __mep@?lua_load@@$$FYGHPAUlua_State@@P6GPBD0PAXPAI@Z1PBD@Z 10047c60     luaglue.obj
 0003:00000c64       __mep@?luaB_load@?A0xc8d640f7@@$$FYGHPAUlua_State@@@Z 10047c64     luaglue.obj
 0003:00000c68       __mep@?luaL_loadbuffer@@$$FYGHPAUlua_State@@PBDI1@Z 10047c68     luaglue.obj
 0003:00000c6c       __mep@?luaL_loadfile@@$$FYGHPAUlua_State@@PBD@Z 10047c6c     luaglue.obj
 0003:00000c70       __mep@?handle_script@?A0xc8d640f7@@$$FYGHPAUlua_State@@PAPADH@Z 10047c70     luaglue.obj
 0003:00000c74       __mep@?loadline@?A0xc8d640f7@@$$FYGHPAUlua_State@@@Z 10047c74     luaglue.obj
 0003:00000c78       __mep@?dostring@?A0xc8d640f7@@$$FYGHPAUlua_State@@PBD1@Z 10047c78     luaglue.obj
 0003:00000c7c       __mep@?dofile@?A0xc8d640f7@@$$FYGHPAUlua_State@@PBD@Z 10047c7c     luaglue.obj
 0003:00000c80       __mep@?loader_Lua@?A0xc8d640f7@@$$FYGHPAUlua_State@@@Z 10047c80     luaglue.obj
 0003:00000c84       __mep@?db_debug@?A0xc8d640f7@@$$FYGHPAUlua_State@@@Z 10047c84     luaglue.obj
 0003:00000c88       __mep@?luaB_dofile@?A0xc8d640f7@@$$FYGHPAUlua_State@@@Z 10047c88     luaglue.obj
 0003:00000c8c       __mep@?luaB_loadfile@?A0xc8d640f7@@$$FYGHPAUlua_State@@@Z 10047c8c     luaglue.obj
 0003:00000c90       __mep@?luaB_loadstring@?A0xc8d640f7@@$$FYGHPAUlua_State@@@Z 10047c90     luaglue.obj
 0003:00000c94       __mep@?luaL_loadstring@@$$FYGHPAUlua_State@@PBD@Z 10047c94     luaglue.obj
 0003:00000c98       __mep@?handle_luainit@?A0xc8d640f7@@$$FYGHPAUlua_State@@@Z 10047c98     luaglue.obj
 0003:00000c9c       __mep@?runargs@?A0xc8d640f7@@$$FYGHPAUlua_State@@PAPADH@Z 10047c9c     luaglue.obj
 0003:00000ca0       __mep@?dotty@?A0xc8d640f7@@$$FYGXPAUlua_State@@@Z 10047ca0     luaglue.obj
 0003:00000ca4       __mep@?pmain@?A0xc8d640f7@@$$FYGHPAUlua_State@@@Z 10047ca4     luaglue.obj
 0003:00000ca8       __mep@?main@@$$HYAHHPAPAD@Z 10047ca8     luaglue.obj
 0003:00000cb4       ?__type_info_root_node@@3U__type_info_node@@A 10047cb4     MSVCRT:tncleanup.obj
 0003:000010e0       ?Count@AllDomains@<CrtImplementationDetails>@@2HA 100480e0     MSVCMRT:mstartup.obj
 0003:000010e4       ?Entered@DefaultDomain@<CrtImplementationDetails>@@2_NA 100480e4     MSVCMRT:mstartup.obj
 0003:000010e5       ?InitializedNative@DefaultDomain@<CrtImplementationDetails>@@2_NA 100480e5     MSVCMRT:mstartup.obj
 0003:000010e6       ?InitializedNativeFromCCTOR@DefaultDomain@<CrtImplementationDetails>@@2_NA 100480e6     MSVCMRT:mstartup.obj
 0003:000010e7       ?InitializedPerProcess@DefaultDomain@<CrtImplementationDetails>@@2_NA 100480e7     MSVCMRT:mstartup.obj
 0003:00002794       __adjust_fdiv              10049794     <common>
 0003:00002798       ___native_startup_state    10049798     <common>
 0003:0000279c       ___native_startup_lock     1004979c     <common>
 0003:000027a0       ___onexitend               100497a0     <common>
 0003:000027a4       ___onexitbegin             100497a4     <common>
 0003:000027a8       ___dyn_tls_init_callback   100497a8     <common>

 entry point at        0001:0001b520

 Static symbols

 0001:00003a69       _pre_c_init                10004a69 f   MSVCRT:crtdll.obj
 0001:00003cde       ___DllMainCRTStartup       10004cde f   MSVCRT:crtdll.obj
 0001:00003e1e       ?ArrayUnwindFilter@@YAHPAU_EXCEPTION_POINTERS@@@Z 10004e1e f   MSVCRT:ehvecdtr.obj
 0001:00004782       __catch$?Cleanup@LanguageSupport@<CrtImplementationDetails>@@$$FAAMXP$AAVException@System@@@Z$0 10005782 f i MSVCMRT:mstartup.obj
 0001:0000478c       __catch$?Cleanup@LanguageSupport@<CrtImplementationDetails>@@$$FAAMXP$AAVException@System@@@Z$1 1000578c f i MSVCMRT:mstartup.obj
 0001:00004a88       __catch$?_Initialize@LanguageSupport@<CrtImplementationDetails>@@$$FAAEXXZ$0 10005a88 f i MSVCMRT:mstartup.obj
 0001:00004af3       __catch$?_Initialize@LanguageSupport@<CrtImplementationDetails>@@$$FAAEXXZ$2 10005af3 f i MSVCMRT:mstartup.obj
 0001:00004b8a       __catch$?Initialize@LanguageSupport@<CrtImplementationDetails>@@$$FQAEXXZ$0 10005b8a f i MSVCMRT:mstartup.obj
 0001:00004ba0       __catch$?Initialize@LanguageSupport@<CrtImplementationDetails>@@$$FQAEXXZ$2 10005ba0 f i MSVCMRT:mstartup.obj
 0001:00004bb9       __catch$?Initialize@LanguageSupport@<CrtImplementationDetails>@@$$FQAEXXZ$3 10005bb9 f i MSVCMRT:mstartup.obj
 0001:00004f62       __catch$?_atexit_helper@@$$J0YMHP6MXXZPAIPAPAP6MXXZ2@Z$0 10005f62 f   MSVCMRT:msilexit.obj
 0001:00004fbb       __catch$?_atexit_helper@@$$J0YMHP6MXXZPAIPAPAP6MXXZ2@Z$2 10005fbb f   MSVCMRT:msilexit.obj
 0001:00004fc2       __catch$?_atexit_helper@@$$J0YMHP6MXXZPAIPAPAP6MXXZ2@Z$3 10005fc2 f   MSVCMRT:msilexit.obj
 0001:000071bb       $LN7                       100081bb f    CIL library: CIL module
 0001:000071bb       __catch$?luaD_rawrunprotected@@$$FYGHPAUlua_State@@P6GX0PAX@Z1@Z$0 100081bb f    CIL library: CIL module
 0001:000071d2       $LN27                      100081d2 f    CIL library: CIL module
 0001:000071f4       $LN11                      100081f4 f    CIL library: CIL module
 0001:000071f4       __catch$?luaD_rawrunprotected@@$$FYGHPAUlua_State@@P6GX0PAX@Z1@Z$1 100081f4 f    CIL library: CIL module
 0001:00007203       $LN30                      10008203 f    CIL library: CIL module
 0001:0000720d       __catch$?luaD_rawrunprotected@@$$FYGHPAUlua_State@@P6GX0PAX@Z1@Z$2 1000820d f    CIL library: CIL module
